Computers and network equipment inventory.

* Linus
** YubiKey 4 -- PGP and SSH
Serial 0x3f6d8b (04156811)
** apu2d -- apu for home WiFi, running openwrt 2020-03
Purchased 2020-03 from Teklager
Model apu2d
RAM 2G
SSD 16G
*** OS -- OpenWrt
https://downloads.openwrt.org/releases/19.07.2/targets/x86/64/openwrt-19.07.2-x86-64-combined-ext4.img.gz
87156fcc2f4f3c19829eae954885806472f7bed7ba8f094c1275279954fecb08
Linux OpenWrt 4.14.171 #0 SMP Thu Feb 27 21:05:12 2020 x86_64 GNU/Linux

*** root@OpenWrt:/# dmesg
[    0.000000] Linux version 4.14.171 (builder@buildhost) (gcc version 7.5.0 (OpenWrt GCC 7.5.0 r10947-65030d81f3)) #0 SMP Thu Feb 27 21:05:12 2020
[    0.000000] Command line: BOOT_IMAGE=/boot/vmlinuz root=PARTUUID=57113300-02 rootfstype=ext4 rootwait console=tty0 console=ttyS0,115200n8 noinitrd
[    0.000000] x86/fpu: Supporting XSAVE feature 0x001: 'x87 floating point registers'
[    0.000000] x86/fpu: Supporting XSAVE feature 0x002: 'SSE registers'
[    0.000000] x86/fpu: Supporting XSAVE feature 0x004: 'AVX registers'
[    0.000000] x86/fpu: xstate_offset[2]:  576, xstate_sizes[2]:  256
[    0.000000] x86/fpu: Enabled xstate features 0x7, context size is 832 bytes, using 'standard' format.
[    0.000000] e820: BIOS-provided physical RAM map:
[    0.000000] BIOS-e820: [mem 0x0000000000000000-0x000000000009fbff] usable
[    0.000000] BIOS-e820: [mem 0x000000000009fc00-0x000000000009ffff] reserved
[    0.000000] BIOS-e820: [mem 0x00000000000f0000-0x00000000000fffff] reserved
[    0.000000] BIOS-e820: [mem 0x0000000000100000-0x0000000077ffefff] usable
[    0.000000] BIOS-e820: [mem 0x0000000077fff000-0x0000000077ffffff] reserved
[    0.000000] BIOS-e820: [mem 0x000000007ee8d000-0x000000007effffff] reserved
[    0.000000] BIOS-e820: [mem 0x00000000f8000000-0x00000000fbffffff] reserved
[    0.000000] BIOS-e820: [mem 0x00000000fed40000-0x00000000fed44fff] reserved
[    0.000000] NX (Execute Disable) protection: active
[    0.000000] SMBIOS 2.8 present.
[    0.000000] DMI: PC Engines apu2/apu2, BIOS v4.11.0.4 02/26/2020
[    0.000000] tsc: Fast TSC calibration using PIT
[    0.000000] e820: update [mem 0x00000000-0x00000fff] usable ==> reserved
[    0.000000] e820: remove [mem 0x000a0000-0x000fffff] usable
[    0.000000] e820: last_pfn = 0x77fff max_arch_pfn = 0x400000000
[    0.000000] MTRR default type: uncachable
[    0.000000] MTRR fixed ranges enabled:
[    0.000000]   00000-9FFFF write-back
[    0.000000]   A0000-BFFFF uncachable
[    0.000000]   C0000-FFFFF write-back
[    0.000000] MTRR variable ranges enabled:
[    0.000000]   0 base 00FF800000 mask FFFF800000 write-protect
[    0.000000]   1 base 0000000000 mask FF80000000 write-back
[    0.000000]   2 disabled
[    0.000000]   3 disabled
[    0.000000]   4 disabled
[    0.000000]   5 disabled
[    0.000000]   6 disabled
[    0.000000]   7 disabled
[    0.000000] x86/PAT: Configuration [0-7]: WB  WC  UC- UC  WB  WP  UC- WT  
[    0.000000] found SMP MP-table at [mem 0x000f38e0-0x000f38ef]
[    0.000000] Base memory trampoline at [ffff888000099000] 99000 size 24576
[    0.000000] Using GB pages for direct mapping
[    0.000000] BRK [0x02019000, 0x02019fff] PGTABLE
[    0.000000] BRK [0x0201a000, 0x0201afff] PGTABLE
[    0.000000] BRK [0x0201b000, 0x0201bfff] PGTABLE
[    0.000000] BRK [0x0201c000, 0x0201cfff] PGTABLE
[    0.000000] BRK [0x0201d000, 0x0201dfff] PGTABLE
[    0.000000] ACPI: Early table checksum verification disabled
[    0.000000] ACPI: RSDP 0x00000000000F3AF0 000024 (v02 COREv4)
[    0.000000] ACPI: XSDT 0x000000007EE9E0E0 00006C (v01 COREv4 COREBOOT 00000000 CORE 20180531)
[    0.000000] ACPI: FACP 0x000000007EE9FD80 0000F4 (v04 COREv4 COREBOOT 00000000 CORE 20180531)
[    0.000000] ACPI: DSDT 0x000000007EE9E280 001AF6 (v02 COREv4 COREBOOT 00010001 INTL 20180531)
[    0.000000] ACPI: FACS 0x000000007EE9E240 000040
[    0.000000] ACPI: SSDT 0x000000007EE9FE80 0001EE (v02 COREv4 COREBOOT 0000002A CORE 20180531)
[    0.000000] ACPI: MCFG 0x000000007EEA0070 00003C (v01 COREv4 COREBOOT 00000000 CORE 20180531)
[    0.000000] ACPI: TPM2 0x000000007EEA00B0 00004C (v04 COREv4 COREBOOT 00000000 CORE 20180531)
[    0.000000] ACPI: APIC 0x000000007EEA0100 00007E (v02 COREv4 COREBOOT 00000000 CORE 20180531)
[    0.000000] ACPI: HEST 0x000000007EEA0180 0001D0 (v01 COREv4 COREBOOT 00000000 CORE 20180531)
[    0.000000] ACPI: SSDT 0x000000007EEA0350 0048A6 (v02 AMD    AGESA    00000002 MSFT 04000000)
[    0.000000] ACPI: SSDT 0x000000007EEA4C00 0007C8 (v01 AMD    AGESA    00000001 AMD  00000001)
[    0.000000] ACPI: HPET 0x000000007EEA53D0 000038 (v01 COREv4 COREBOOT 00000000 CORE 20180531)
[    0.000000] ACPI: Local APIC address 0xfee00000
[    0.000000] Zone ranges:
[    0.000000]   DMA      [mem 0x0000000000001000-0x0000000000ffffff]
[    0.000000]   DMA32    [mem 0x0000000001000000-0x0000000077ffefff]
[    0.000000]   Normal   empty
[    0.000000] Movable zone start for each node
[    0.000000] Early memory node ranges
[    0.000000]   node   0: [mem 0x0000000000001000-0x000000000009efff]
[    0.000000]   node   0: [mem 0x0000000000100000-0x0000000077ffefff]
[    0.000000] Initmem setup node 0 [mem 0x0000000000001000-0x0000000077ffefff]
[    0.000000] On node 0 totalpages: 491421
[    0.000000]   DMA zone: 64 pages used for memmap
[    0.000000]   DMA zone: 21 pages reserved
[    0.000000]   DMA zone: 3998 pages, LIFO batch:0
[    0.000000]   DMA32 zone: 7616 pages used for memmap
[    0.000000]   DMA32 zone: 487423 pages, LIFO batch:31
[    0.000000] ACPI: PM-Timer IO Port: 0x818
[    0.000000] ACPI: Local APIC address 0xfee00000
[    0.000000] ACPI: LAPIC_NMI (acpi_id[0xff] high edge lint[0x1])
[    0.000000] IOAPIC[0]: apic_id 4, version 33, address 0xfec00000, GSI 0-23
[    0.000000] IOAPIC[1]: apic_id 5, version 33, address 0xfec20000, GSI 24-55
[    0.000000] ACPI: INT_SRC_OVR (bus 0 bus_irq 0 global_irq 2 dfl dfl)
[    0.000000] ACPI: INT_SRC_OVR (bus 0 bus_irq 9 global_irq 9 low level)
[    0.000000] ACPI: IRQ0 used by override.
[    0.000000] ACPI: IRQ9 used by override.
[    0.000000] Using ACPI (MADT) for SMP configuration information
[    0.000000] ACPI: HPET id: 0x10228201 base: 0xfed00000
[    0.000000] smpboot: Allowing 4 CPUs, 0 hotplug CPUs
[    0.000000] e820: [mem 0x7f000000-0xf7ffffff] available for PCI devices
[    0.000000] Booting paravirtualized kernel on bare hardware
[    0.000000] clocksource: refined-jiffies: mask: 0xffffffff max_cycles: 0xffffffff, max_idle_ns: 19112604462750000 ns
[    0.000000] random: get_random_bytes called from 0xffffffff81ebaaad with crng_init=0
[    0.000000] setup_percpu: NR_CPUS:8 nr_cpumask_bits:8 nr_cpu_ids:4 nr_node_ids:1
[    0.000000] percpu: Embedded 41 pages/cpu s127896 r8192 d31848 u524288
[    0.000000] pcpu-alloc: s127896 r8192 d31848 u524288 alloc=1*2097152
[    0.000000] pcpu-alloc: [0] 0 1 2 3 
[    0.000000] Built 1 zonelists, mobility grouping on.  Total pages: 483720
[    0.000000] Kernel command line: BOOT_IMAGE=/boot/vmlinuz root=PARTUUID=57113300-02 rootfstype=ext4 rootwait console=tty0 console=ttyS0,115200n8 noinitrd
[    0.000000] PID hash table entries: 4096 (order: 3, 32768 bytes)
[    0.000000] Dentry cache hash table entries: 262144 (order: 9, 2097152 bytes)
[    0.000000] Inode-cache hash table entries: 131072 (order: 8, 1048576 bytes)
[    0.000000] Calgary: detecting Calgary via BIOS EBDA area
[    0.000000] Calgary: Unable to locate Rio Grande table in EBDA - bailing!
[    0.000000] Memory: 1914564K/1965684K available (10248K kernel code, 560K rwdata, 1652K rodata, 1084K init, 412K bss, 51120K reserved, 0K cma-reserved)
[    0.000000] SLUB: HWalign=64, Order=0-3, MinObjects=0, CPUs=4, Nodes=1
[    0.000000] Hierarchical RCU implementation.
[    0.000000] 	CONFIG_RCU_FANOUT set to non-default value of 32
[    0.000000] 	RCU restricting CPUs from NR_CPUS=8 to nr_cpu_ids=4.
[    0.000000] RCU: Adjusting geometry for rcu_fanout_leaf=16, nr_cpu_ids=4
[    0.000000] NR_IRQS: 4352, nr_irqs: 1000, preallocated irqs: 16
[    0.000000] spurious 8259A interrupt: IRQ7.
[    0.000000] Console: colour dummy device 80x25
[    0.000000] console [tty0] enabled
[    0.000000] console [ttyS0] enabled
[    0.000000] clocksource: hpet: mask: 0xffffffff max_cycles: 0xffffffff, max_idle_ns: 133484873504 ns
[    0.000000] hpet clockevent registered
[    0.000000] tsc: Fast TSC calibration using PIT
[    0.010000] tsc: Detected 998.006 MHz processor
[    0.010000] Calibrating delay loop (skipped), value calculated using timer frequency.. 1996.01 BogoMIPS (lpj=9980060)
[    0.020008] pid_max: default: 32768 minimum: 301
[    0.030015] ACPI: Core revision 20170728
[    0.051526] ACPI: 4 ACPI AML tables successfully acquired and loaded
[    0.057975] Mount-cache hash table entries: 4096 (order: 3, 32768 bytes)
[    0.060028] Mountpoint-cache hash table entries: 4096 (order: 3, 32768 bytes)
[    0.070400] mce: CPU supports 6 MCE banks
[    0.074446] LVT offset 1 assigned for vector 0xf9
[    0.080018] Last level iTLB entries: 4KB 512, 2MB 8, 4MB 4
[    0.085515] Last level dTLB entries: 4KB 512, 2MB 256, 4MB 128, 1GB 0
[    0.090009] Spectre V1 : Mitigation: usercopy/swapgs barriers and __user pointer sanitization
[    0.100009] Spectre V2 : Mitigation: Full AMD retpoline
[    0.105245] Spectre V2 : Spectre v2 / SpectreRSB mitigation: Filling RSB on context switch
[    0.110008] Speculative Store Bypass: Mitigation: Speculative Store Bypass disabled via prctl
[    0.120338] Freeing SMP alternatives memory: 32K
[    0.131423] smpboot: Max logical packages: 1
[    0.136188] ..TIMER: vector=0x30 apic1=0 pin1=2 apic2=0 pin2=0
[    0.352046] smpboot: CPU0: AMD GX-412TC SOC (family: 0x16, model: 0x30, stepping: 0x1)
[    0.360000] Performance Events: AMD PMU driver.
[    0.360008] ... version:                0
[    0.364024] ... bit width:              48
[    0.370005] ... generic registers:      4
[    0.374021] ... value mask:             0000ffffffffffff
[    0.380005] ... max period:             00007fffffffffff
[    0.385322] ... fixed-purpose events:   0
[    0.389343] ... event mask:             000000000000000f
[    0.390128] Hierarchical SRCU implementation.
[    0.394881] smp: Bringing up secondary CPUs ...
[    0.400314] x86: Booting SMP configuration:
[    0.404513] .... node  #0, CPUs:      #1 #2 #3
[    0.415945] smp: Brought up 1 node, 4 CPUs
[    0.424129] smpboot: Total of 4 processors activated (7984.04 BogoMIPS)
[    0.433023] reboot: PC Engines apu2 series board detected. Selecting PCI-method for reboots.
[    0.440141] clocksource: jiffies: mask: 0xffffffff max_cycles: 0xffffffff, max_idle_ns: 19112604462750000 ns
[    0.450025] futex hash table entries: 1024 (order: 4, 65536 bytes)
[    0.460078] pinctrl core: initialized pinctrl subsystem
[    0.465727] NET: Registered protocol family 16
[    0.470989] cpuidle: using governor ladder
[    0.475506] ACPI: bus type PCI registered
[    0.480009] acpiphp: ACPI Hot Plug PCI Controller Driver version: 0.5
[    0.486614] PCI: Using configuration type 1 for base access
[    0.490005] PCI: Using configuration type 1 for extended access
[    0.496869] mtrr: your CPUs had inconsistent variable MTRR settings
[    0.500013] mtrr: probably your BIOS does not setup all CPUs.
[    0.510006] mtrr: corrected configuration.
[    0.527676] ACPI: Added _OSI(Module Device)
[    0.530011] ACPI: Added _OSI(Processor Device)
[    0.530026] ACPI: Added _OSI(3.0 _SCP Extensions)
[    0.540006] ACPI: Added _OSI(Processor Aggregator Device)
[    0.540400] ACPI: Executed 3 blocks of module-level executable AML code
[    0.560596] ACPI: Interpreter enabled
[    0.564286] ACPI: (supports S0 S5)
[    0.570025] ACPI: Using IOAPIC for interrupt routing
[    0.570062] PCI: Using host bridge windows from ACPI; if necessary, use "pci=nocrs" and report a bug
[    0.580559] ACPI: Enabled 7 GPEs in block 00 to 1F
[    0.603939] ACPI: PCI Root Bridge [PCI0] (domain 0000 [bus 00-ff])
[    0.610027] acpi PNP0A08:00: _OSC: OS supports [ExtendedConfig Segments MSI]
[    0.610070] acpi PNP0A08:00: _OSC: not requesting OS control; OS requires [ExtendedConfig ASPM ClockPM MSI]
[    0.620138] acpi PNP0A08:00: host bridge window expanded to [io  0x0000-0x0cf7 window]; [io  0x03b0-0x03df window] ignored
[    0.638880] PCI host bridge to bus 0000:00
[    0.640006] pci_bus 0000:00: root bus resource [io  0x0000-0x0cf7 window]
[    0.640009] pci_bus 0000:00: root bus resource [io  0x0d00-0xffff window]
[    0.650023] pci_bus 0000:00: root bus resource [mem 0x000a0000-0x000bffff]
[    0.660006] pci_bus 0000:00: root bus resource [mem 0x000c0000-0x000dffff]
[    0.670023] pci_bus 0000:00: root bus resource [mem 0x7f000000-0xffffffff]
[    0.670023] pci_bus 0000:00: root bus resource [bus 00-ff]
[    0.680006] pci 0000:00:00.0: [1022:1566] type 00 class 0x060000
[    0.680006] pci 0000:00:00.2: [1022:1567] type 00 class 0x080600
[    0.683314] pci 0000:00:02.0: [1022:156b] type 00 class 0x060000
[    0.683634] pci 0000:00:02.1: [1022:1439] type 01 class 0x060400
[    0.683972] pci 0000:00:02.1: enabling Extended Tags
[    0.683972] pci 0000:00:02.1: PME# supported from D0 D3hot D3cold
[    0.683973] pci 0000:00:02.2: [1022:1439] type 01 class 0x060400
[    0.689369] pci 0000:00:02.2: enabling Extended Tags
[    0.690050] pci 0000:00:02.2: PME# supported from D0 D3hot D3cold
[    0.690298] pci 0000:00:02.4: [1022:1439] type 01 class 0x060400
[    0.694742] pci 0000:00:02.4: enabling Extended Tags
[    0.695417] pci 0000:00:02.4: PME# supported from D0 D3hot D3cold
[    0.700006] pci 0000:00:02.5: [1022:1439] type 01 class 0x060400
[    0.700089] pci 0000:00:02.5: enabling Extended Tags
[    0.700089] pci 0000:00:02.5: PME# supported from D0 D3hot D3cold
[    0.700333] pci 0000:00:08.0: [1022:1537] type 00 class 0x108000
[    0.700364] pci 0000:00:08.0: reg 0x10: [mem 0xf7f00000-0xf7f1ffff 64bit pref]
[    0.700377] pci 0000:00:08.0: reg 0x18: [mem 0xf7d00000-0xf7dfffff]
[    0.705508] pci 0000:00:08.0: reg 0x1c: [mem 0xf7f24000-0xf7f24fff]
[    0.705508] pci 0000:00:08.0: reg 0x20: [mem 0xf7e00000-0xf7efffff]
[    0.705508] pci 0000:00:08.0: reg 0x24: [mem 0xf7f20000-0xf7f21fff]
[    0.705800] pci 0000:00:10.0: [1022:7814] type 00 class 0x0c0330
[    0.705800] pci 0000:00:10.0: reg 0x10: [mem 0xf7f22000-0xf7f23fff 64bit]
[    0.705800] pci 0000:00:10.0: PME# supported from D0 D3hot D3cold
[    0.705801] pci 0000:00:11.0: [1022:7801] type 00 class 0x010601
[    0.705801] pci 0000:00:11.0: reg 0x10: [io  0x3010-0x3017]
[    0.705801] pci 0000:00:11.0: reg 0x14: [io  0x3020-0x3023]
[    0.706271] pci 0000:00:11.0: reg 0x18: [io  0x3018-0x301f]
[    0.706271] pci 0000:00:11.0: reg 0x1c: [io  0x3024-0x3027]
[    0.706271] pci 0000:00:11.0: reg 0x20: [io  0x3000-0x300f]
[    0.706271] pci 0000:00:11.0: reg 0x24: [mem 0xf7f25000-0xf7f253ff]
[    0.706271] pci 0000:00:11.0: PME# supported from D3hot
[    0.706272] pci 0000:00:13.0: [1022:7808] type 00 class 0x0c0320
[    0.706617] pci 0000:00:13.0: reg 0x10: [mem 0xf7f26000-0xf7f260ff]
[    0.706617] pci 0000:00:13.0: supports D1 D2
[    0.706617] pci 0000:00:13.0: PME# supported from D0 D1 D2 D3hot D3cold
[    0.706618] pci 0000:00:14.0: [1022:780b] type 00 class 0x0c0500
[    0.707068] pci 0000:00:14.3: [1022:780e] type 00 class 0x060100
[    0.707317] pci 0000:00:14.7: [1022:7813] type 00 class 0x080501
[    0.707317] pci 0000:00:14.7: reg 0x10: [mem 0xf7f27000-0xf7f270ff 64bit]
[    0.707694] pci 0000:00:18.0: [1022:1580] type 00 class 0x060000
[    0.707992] pci 0000:00:18.1: [1022:1581] type 00 class 0x060000
[    0.708288] pci 0000:00:18.2: [1022:1582] type 00 class 0x060000
[    0.708556] pci 0000:00:18.3: [1022:1583] type 00 class 0x060000
[    0.708824] pci 0000:00:18.4: [1022:1584] type 00 class 0x060000
[    0.709084] pci 0000:00:18.5: [1022:1585] type 00 class 0x060000
[    0.709581] pci 0000:01:00.0: [168c:003c] type 00 class 0x028000
[    0.709581] pci 0000:01:00.0: reg 0x10: [mem 0xf7400000-0xf75fffff 64bit]
[    0.709581] pci 0000:01:00.0: reg 0x30: [mem 0xf7600000-0xf760ffff pref]
[    0.709581] pci 0000:01:00.0: supports D1
[    0.709581] pci 0000:01:00.0: PME# supported from D0 D1 D3hot
[    0.710019] pci 0000:00:02.1: PCI bridge to [bus 01]
[    0.710019] pci 0000:00:02.1:   bridge window [mem 0xf7400000-0xf76fffff]
[    0.710186] pci 0000:02:00.0: [8086:1539] type 00 class 0x020000
[    0.710209] pci 0000:02:00.0: reg 0x10: [mem 0xf7b00000-0xf7b1ffff]
[    0.710244] pci 0000:02:00.0: reg 0x18: [io  0x1000-0x101f]
[    0.710265] pci 0000:02:00.0: reg 0x1c: [mem 0xf7b20000-0xf7b23fff]
[    0.710439] pci 0000:02:00.0: PME# supported from D0 D3hot D3cold
[    0.715269] pci 0000:00:02.2: PCI bridge to [bus 02]
[    0.720006] pci 0000:00:02.2:   bridge window [io  0x1000-0x1fff]
[    0.720006] pci 0000:00:02.2:   bridge window [mem 0xf7b00000-0xf7bfffff]
[    0.720006] pci 0000:03:00.0: [8086:1539] type 00 class 0x020000
[    0.720804] pci 0000:03:00.0: reg 0x10: [mem 0xf7c00000-0xf7c1ffff]
[    0.720804] pci 0000:03:00.0: reg 0x18: [io  0x2000-0x201f]
[    0.720804] pci 0000:03:00.0: reg 0x1c: [mem 0xf7c20000-0xf7c23fff]
[    0.720804] pci 0000:03:00.0: PME# supported from D0 D3hot D3cold
[    0.720805] pci 0000:00:02.4: PCI bridge to [bus 03]
[    0.721250] pci 0000:00:02.4:   bridge window [io  0x2000-0x2fff]
[    0.721250] pci 0000:00:02.4:   bridge window [mem 0xf7c00000-0xf7cfffff]
[    0.721251] pci 0000:04:00.0: [168c:003c] type 00 class 0x028000
[    0.721251] pci 0000:04:00.0: reg 0x10: [mem 0xf7800000-0xf79fffff 64bit]
[    0.721251] pci 0000:04:00.0: reg 0x30: [mem 0xf7a00000-0xf7a0ffff pref]
[    0.721251] pci 0000:04:00.0: supports D1
[    0.721251] pci 0000:04:00.0: PME# supported from D0 D1 D3hot
[    0.726383] pci 0000:00:02.5: PCI bridge to [bus 04]
[    0.730023] pci 0000:00:02.5:   bridge window [mem 0xf7800000-0xf7afffff]
[    0.730023] pci_bus 0000:00: on NUMA node 0
[    0.732451] ACPI: PCI Interrupt Link [INTA] (IRQs *3 4 5 7 10 11 12 15)
[    0.732528] ACPI: PCI Interrupt Link [INTB] (IRQs *3 4 5 7 10 11 12 15)
[    0.740151] ACPI: PCI Interrupt Link [INTC] (IRQs 3 4 *5 7 10 11 12 15)
[    0.750024] ACPI: PCI Interrupt Link [INTD] (IRQs 3 4 5 *7 10 11 12 15)
[    0.750152] ACPI: PCI Interrupt Link [INTE] (IRQs 3 4 5 7 10 *11 12 15)
[    0.760150] ACPI: PCI Interrupt Link [INTF] (IRQs 9) *10
[    0.770023] ACPI: PCI Interrupt Link [INTG] (IRQs 3 4 5 7 10 11 12 15) *0
[    0.770150] ACPI: PCI Interrupt Link [INTH] (IRQs 3 4 5 7 10 11 12 15) *0
[    0.786750] SCSI subsystem initialized
[    0.790921] libata version 3.00 loaded.
[    0.790921] ACPI: bus type USB registered
[    0.791095] usbcore: registered new interface driver usbfs
[    0.800147] usbcore: registered new interface driver hub
[    0.805515] usbcore: registered new device driver usb
[    0.811366] PCI: Using ACPI for IRQ routing
[    0.814438] PCI: pci_cache_line_size set to 64 bytes
[    0.814540] e820: reserve RAM buffer [mem 0x0009fc00-0x0009ffff]
[    0.814545] e820: reserve RAM buffer [mem 0x77fff000-0x77ffffff]
[    0.816619] hpet0: at MMIO 0xfed00000, IRQs 2, 8, 0
[    0.820012] hpet0: 3 comparators, 32-bit 14.318180 MHz counter
[    0.827997] clocksource: Switched to clocksource hpet
[    0.827997] pnp: PnP ACPI init
[    0.828806] system 00:00: [mem 0xfec10002-0xfec11001] has been reserved
[    0.835554] system 00:00: Plug and Play ACPI device, IDs PNP0c02 (active)
[    0.835688] pnp 00:01: Plug and Play ACPI device, IDs PNP0b00 (active)
[    0.835818] pnp 00:02: Plug and Play ACPI device, IDs PNP0501 (active)
[    0.835983] pnp 00:03: Plug and Play ACPI device, IDs PNP0501 (active)
[    0.836513] pnp: PnP ACPI: found 4 devices
[    0.849583] clocksource: acpi_pm: mask: 0xffffff max_cycles: 0xffffff, max_idle_ns: 2085701024 ns
[    0.858559] pci 0000:00:02.1: PCI bridge to [bus 01]
[    0.863554] pci 0000:00:02.1:   bridge window [mem 0xf7400000-0xf76fffff]
[    0.870377] pci 0000:00:02.2: PCI bridge to [bus 02]
[    0.875356] pci 0000:00:02.2:   bridge window [io  0x1000-0x1fff]
[    0.881471] pci 0000:00:02.2:   bridge window [mem 0xf7b00000-0xf7bfffff]
[    0.888277] pci 0000:00:02.4: PCI bridge to [bus 03]
[    0.893264] pci 0000:00:02.4:   bridge window [io  0x2000-0x2fff]
[    0.899374] pci 0000:00:02.4:   bridge window [mem 0xf7c00000-0xf7cfffff]
[    0.906194] pci 0000:00:02.5: PCI bridge to [bus 04]
[    0.911188] pci 0000:00:02.5:   bridge window [mem 0xf7800000-0xf7afffff]
[    0.918000] pci_bus 0000:00: resource 4 [io  0x0000-0x0cf7 window]
[    0.918006] pci_bus 0000:00: resource 5 [io  0x0d00-0xffff window]
[    0.918011] pci_bus 0000:00: resource 6 [mem 0x000a0000-0x000bffff]
[    0.918016] pci_bus 0000:00: resource 7 [mem 0x000c0000-0x000dffff]
[    0.918022] pci_bus 0000:00: resource 8 [mem 0x7f000000-0xffffffff]
[    0.918027] pci_bus 0000:01: resource 1 [mem 0xf7400000-0xf76fffff]
[    0.918033] pci_bus 0000:02: resource 0 [io  0x1000-0x1fff]
[    0.918038] pci_bus 0000:02: resource 1 [mem 0xf7b00000-0xf7bfffff]
[    0.918044] pci_bus 0000:03: resource 0 [io  0x2000-0x2fff]
[    0.918049] pci_bus 0000:03: resource 1 [mem 0xf7c00000-0xf7cfffff]
[    0.918054] pci_bus 0000:04: resource 1 [mem 0xf7800000-0xf7afffff]
[    0.918208] NET: Registered protocol family 2
[    0.923014] TCP established hash table entries: 16384 (order: 5, 131072 bytes)
[    0.930338] TCP bind hash table entries: 16384 (order: 6, 262144 bytes)
[    0.937116] TCP: Hash tables configured (established 16384 bind 16384)
[    0.943764] UDP hash table entries: 1024 (order: 3, 32768 bytes)
[    0.949804] UDP-Lite hash table entries: 1024 (order: 3, 32768 bytes)
[    0.956373] NET: Registered protocol family 1
[    0.961585] pci 0000:00:13.0: PME# does not work under D3, disabling it
[    0.968276] PCI: CLS 64 bytes, default 64
[    0.968709] amd_uncore: AMD NB counters detected
[    0.973413] amd_uncore: AMD LLC counters detected
[    0.978513] LVT offset 0 assigned for vector 0x400
[    0.983571] perf: AMD IBS detected (0x000000ff)
[    0.990974] workingset: timestamp_bits=62 max_order=19 bucket_order=0
[    1.002058] squashfs: version 4.0 (2009/01/31) Phillip Lougher
[    1.009726] Block layer SCSI generic (bsg) driver version 0.4 loaded (major 249)
[    1.017243] io scheduler noop registered
[    1.021186] io scheduler deadline registered (default)
[    1.026688] gpio_it87: no device
[    1.031656] hv_vmbus: registering driver hv_pci
[    1.036228] hv_vmbus: registering driver hyperv_fb
[    1.041461] input: Power Button as /devices/LNXSYSTM:00/LNXSYBUS:00/PNP0C0C:00/input/input0
[    1.049941] ACPI: Power Button [PWRB]
[    1.053830] input: Power Button as /devices/LNXSYSTM:00/LNXPWRBN:00/input/input1
[    1.061387] ACPI: Power Button [PWRF]
[    1.067326] Serial: 8250/16550 driver, 16 ports, IRQ sharing enabled
[    1.094355] 00:02: ttyS0 at I/O 0x3f8 (irq = 4, base_baud = 115200) is a 16550A
[    1.122391] 00:03: ttyS1 at I/O 0x2f8 (irq = 3, base_baud = 115200) is a 16550A
[    1.150511] serial8250: ttyS2 at I/O 0x3e8 (irq = 4, base_baud = 115200) is a 16550A
[    1.178907] serial8250: ttyS3 at I/O 0x2e8 (irq = 3, base_baud = 115200) is a 16550A
[    1.188564] Non-volatile memory driver v1.3
[    1.193025] Linux agpgart interface v0.103
[    1.201035] loop: module loaded
[    1.204382] Guest personality initialized and is inactive
[    1.209842] VMCI host device registered (name=vmci, major=10, minor=63)
[    1.216489] Initialized host personality
[    1.220654] VMware PVSCSI driver - version 1.0.7.0-k
[    1.225674] hv_vmbus: registering driver hv_storvsc
[    1.230738] ahci 0000:00:11.0: version 3.0
[    1.231177] ahci 0000:00:11.0: AHCI 0001.0300 32 slots 2 ports 6 Gbps 0x3 impl SATA mode
[    1.239284] ahci 0000:00:11.0: flags: 64bit ncq sntf ilck pm led clo pmp fbs pio slum part 
[    1.248558] scsi host0: ahci
[    1.251826] scsi host1: ahci
[    1.254875] ata1: SATA max UDMA/133 abar m1024@0xf7f25000 port 0xf7f25100 irq 19
[    1.262296] ata2: SATA max UDMA/133 abar m1024@0xf7f25000 port 0xf7f25180 irq 19
[    1.270289] VMware vmxnet3 virtual NIC driver - version 1.4.a.0-k-NAPI
[    1.276867] hv_vmbus: registering driver hv_netvsc
[    1.281763] Fusion MPT base driver 3.04.20
[    1.285874] Copyright (c) 1999-2008 LSI Corporation
[    1.290782] Fusion MPT SPI Host driver 3.04.20
[    1.295278] ehci_hcd: USB 2.0 'Enhanced' Host Controller (EHCI) Driver
[    1.301822] ehci-pci: EHCI PCI platform driver
[    1.306583] ehci-pci 0000:00:13.0: EHCI Host Controller
[    1.311843] ehci-pci 0000:00:13.0: new USB bus registered, assigned bus number 1
[    1.319255] ehci-pci 0000:00:13.0: applying AMD SB700/SB800/Hudson-2/3 EHCI dummy qh workaround
[    1.327978] ehci-pci 0000:00:13.0: debug port 2
[    1.332590] ehci-pci 0000:00:13.0: irq 18, io mem 0xf7f26000
[    1.360320] ehci-pci 0000:00:13.0: USB 2.0 started, EHCI 1.00
[    1.366996] hub 1-0:1.0: USB hub found
[    1.370876] hub 1-0:1.0: 2 ports detected
[    1.375495] ohci_hcd: USB 1.1 'Open' Host Controller (OHCI) Driver
[    1.381716] ohci-pci: OHCI PCI platform driver
[    1.386222] ohci-platform: OHCI generic platform driver
[    1.391516] uhci_hcd: USB Universal Host Controller Interface driver
[    1.398229] xhci_hcd 0000:00:10.0: xHCI Host Controller
[    1.403495] xhci_hcd 0000:00:10.0: new USB bus registered, assigned bus number 2
[    1.411141] xhci_hcd 0000:00:10.0: hcc params 0x014040c3 hci version 0x100 quirks 0x0000000000000410
[    1.421366] hub 2-0:1.0: USB hub found
[    1.425204] hub 2-0:1.0: 2 ports detected
[    1.429745] xhci_hcd 0000:00:10.0: xHCI Host Controller
[    1.435013] xhci_hcd 0000:00:10.0: new USB bus registered, assigned bus number 3
[    1.442436] xhci_hcd 0000:00:10.0: Host supports USB 3.0  SuperSpeed
[    1.449035] usb usb3: We don't know the algorithms for LPM for this host, disabling LPM.
[    1.457936] hub 3-0:1.0: USB hub found
[    1.461773] hub 3-0:1.0: 2 ports detected
[    1.466522] usbcore: registered new interface driver usb-storage
[    1.472640] i8042: PNP: No PS/2 controller found.
[    1.477356] i8042: Probing ports directly.
[    1.602259] ata2: SATA link down (SStatus 0 SControl 300)
[    1.740066] usb 1-1: new high-speed USB device number 2 using ehci-pci
[    1.940935] hub 1-1:1.0: USB hub found
[    1.945143] hub 1-1:1.0: 4 ports detected
[    1.990120] tsc: Refined TSC clocksource calibration: 998.129 MHz
[    1.996243] clocksource: tsc: mask: 0xffffffffffffffff max_cycles: 0x1cc65f36a68, max_idle_ns: 881590538042 ns
[    2.100178] ata1: SATA link up 6.0 Gbps (SStatus 133 SControl 300)
[    2.106531] ata1.00: ATA-11: SATA SSD, SBFM01.3, max UDMA/133
[    2.112301] ata1.00: 31277232 sectors, multi 16: LBA48 NCQ (depth 31/32), AA
[    2.119542] ata1.00: configured for UDMA/133
[    2.124207] scsi 0:0:0:0: Direct-Access     ATA      SATA SSD         01.3 PQ: 0 ANSI: 5
[    2.133398] sd 0:0:0:0: [sda] 31277232 512-byte logical blocks: (16.0 GB/14.9 GiB)
[    2.141096] sd 0:0:0:0: [sda] Write Protect is off
[    2.145933] sd 0:0:0:0: [sda] Mode Sense: 00 3a 00 00
[    2.146173] sd 0:0:0:0: [sda] Write cache: enabled, read cache: enabled, doesn't support DPO or FUA
[    2.156792]  sda: sda1 sda2
[    2.160839] sd 0:0:0:0: [sda] Attached SCSI disk
[    2.516070] i8042: No controller found
[    2.519837] hv_vmbus: registering driver hyperv_keyboard
[    2.525263] rtc_cmos 00:01: RTC can wake from S4
[    2.530087] rtc_cmos 00:01: rtc core: registered rtc_cmos as rtc0
[    2.536231] rtc_cmos 00:01: alarms up to one day, 114 bytes nvram, hpet irqs
[    2.544064] sdhci: Secure Digital Host Controller Interface driver
[    2.550268] sdhci: Copyright(c) Pierre Ossman
[    2.554680] sdhci-pci 0000:00:14.7: SDHCI controller found [1022:7813] (rev 1)
[    2.562494] mmc0: SDHCI controller on PCI [0000:00:14.7] using ADMA 64-bit
[    2.570124] hidraw: raw HID events driver (C) Jiri Kosina
[    2.575577] hv_vmbus: registering driver hid_hyperv
[    2.580590] usbcore: registered new interface driver usbhid
[    2.586168] usbhid: USB HID core driver
[    2.590048] hv_utils: Registering HyperV Utility Driver
[    2.595278] hv_vmbus: registering driver hv_util
[    2.599905] hv_vmbus: registering driver hv_balloon
[    2.604827] x86/pm: family 0x16 cpu detected, MSR saving is needed during suspending.
[    2.613218] NET: Registered protocol family 10
[    2.618288] Segment Routing with IPv6
[    2.622042] NET: Registered protocol family 17
[    2.626517] bridge: filtering via arp/ip/ip6tables is no longer available by default. Update your scripts to load br_netfilter if you need this.
[    2.639480] 8021q: 802.1Q VLAN Support v1.8
[    2.643765] NET: Registered protocol family 40
[    2.649115] microcode: CPU0: patch_level=0x07030105
[    2.654040] microcode: CPU1: patch_level=0x07030105
[    2.658968] microcode: CPU2: patch_level=0x07030105
[    2.663900] microcode: CPU3: patch_level=0x07030105
[    2.668845] microcode: Microcode Update Driver: v2.2.
[    2.668865] AVX version of gcm_enc/dec engaged.
[    2.678486] AES CTR mode by8 optimization enabled
[    2.684823] sched_clock: Marking stable (2684808935, 0)->(2687263853, -2454918)
[    2.692438] registered taskstats version 1
[    2.697405] rtc_cmos 00:01: setting system clock to 2020-03-23 16:24:05 UTC (1584980645)
[    2.705938] acpi_cpufreq: overriding BIOS provided _PSD data
[    2.715529] EXT4-fs (sda2): mounted filesystem without journal. Opts: (null)
[    2.722657] VFS: Mounted root (ext4 filesystem) readonly on device 8:2.
[    2.733843] Freeing unused kernel memory: 1084K
[    2.840308] Write protecting the kernel read-only data: 14336k
[    2.848692] Freeing unused kernel memory: 2016K
[    2.859306] Freeing unused kernel memory: 396K
[    2.878011] init: Console is alive
[    2.903271] kmodloader: loading kernel modules from /etc/modules-boot.d/*
[    2.914732] pps_core: LinuxPPS API ver. 1 registered
[    2.919726] pps_core: Software ver. 5.3.6 - Copyright 2005-2007 Rodolfo Giometti <giometti@linux.it>
[    2.929794] PTP clock support registered
[    2.934237] Button Hotplug driver version 0.4.1
[    2.938913] kmodloader: done loading kernel modules from /etc/modules-boot.d/*
[    2.953207] init: - preinit -
[    3.010310] clocksource: Switched to clocksource tsc
[    3.036650] random: jshn: uninitialized urandom read (4 bytes read)
[    3.062250] random: jshn: uninitialized urandom read (4 bytes read)
[    3.087882] random: jshn: uninitialized urandom read (4 bytes read)
[    6.202973] mount_root: mounting /dev/root
[    6.207426] EXT4-fs (sda2): warning: mounting unchecked fs, running e2fsck is recommended
[    6.233492] EXT4-fs (sda2): re-mounted. Opts: (null)
[    6.267545] EXT4-fs (sda1): warning: mounting unchecked fs, running e2fsck is recommended
[    6.277006] EXT4-fs (sda1): mounted filesystem without journal. Opts: (null)
[    6.287687] urandom-seed: Seeding with /etc/urandom.seed
[    6.301400] procd: - early -
[    6.977603] procd: - ubus -
[    6.984112] urandom_read: 2 callbacks suppressed
[    6.984116] random: ubusd: uninitialized urandom read (4 bytes read)
[    7.032660] random: ubusd: uninitialized urandom read (4 bytes read)
[    7.039289] random: ubusd: uninitialized urandom read (4 bytes read)
[    7.046451] procd: - init -
[    7.133888] kmodloader: loading kernel modules from /etc/modules.d/*
[    7.142602] e1000: Intel(R) PRO/1000 Network Driver - version 7.3.21-k8-NAPI
[    7.149867] e1000: Copyright (c) 1999-2006 Intel Corporation.
[    7.157614] igb: Intel(R) Gigabit Ethernet Network Driver - version 5.4.0-k
[    7.162194] urngd: v1.0.2 started.
[    7.164680] igb: Copyright (c) 2007-2014 Intel Corporation.
[    7.197904] random: crng init done
[    7.201349] random: 2 urandom warning(s) missed due to ratelimiting
[    7.405198] pps pps0: new PPS source ptp0
[    7.409396] igb 0000:02:00.0: added PHC on eth0
[    7.414032] igb 0000:02:00.0: Intel(R) Gigabit Ethernet Network Connection
[    7.421527] igb 0000:02:00.0: eth0: (PCIe:2.5Gb/s:Width x1) 00:0d:b9:53:99:c8
[    7.428776] igb 0000:02:00.0: eth0: PBA No: FFFFFF-0FF
[    7.433998] igb 0000:02:00.0: Using MSI-X interrupts. 2 rx queue(s), 2 tx queue(s)
[    7.681193] pps pps1: new PPS source ptp1
[    7.685415] igb 0000:03:00.0: added PHC on eth1
[    7.689976] igb 0000:03:00.0: Intel(R) Gigabit Ethernet Network Connection
[    7.697336] igb 0000:03:00.0: eth1: (PCIe:2.5Gb/s:Width x1) 00:0d:b9:53:99:c9
[    7.704584] igb 0000:03:00.0: eth1: PBA No: FFFFFF-0FF
[    7.709871] igb 0000:03:00.0: Using MSI-X interrupts. 2 rx queue(s), 2 tx queue(s)
[    7.721566] ip6_tables: (C) 2000-2006 Netfilter Core Team
[    7.730349] i2c /dev entries driver
[    7.741314] e1000e: Intel(R) PRO/1000 Network Driver - 3.2.6-k
[    7.747460] e1000e: Copyright(c) 1999 - 2015 Intel Corporation.
[    7.755014] ip_tables: (C) 2000-2006 Netfilter Core Team
[    7.764693] nf_conntrack version 0.5.0 (16384 buckets, 65536 max)
[    7.790228] xt_time: kernel timezone is -0000
[    7.797915] PPP generic driver version 2.4.2
[    7.803046] NET: Registered protocol family 24
[    7.808635] kmodloader: done loading kernel modules from /etc/modules.d/*
[    9.881632] 8021q: adding VLAN 0 to HW filter on device eth1
[    9.888408] br-lan: port 1(eth1) entered blocking state
[    9.894102] br-lan: port 1(eth1) entered disabled state
[    9.899886] device eth1 entered promiscuous mode
[    9.906073] IPv6: ADDRCONF(NETDEV_UP): br-lan: link is not ready
[    9.959372] IPv6: ADDRCONF(NETDEV_UP): eth0: link is not ready
[    9.965648] 8021q: adding VLAN 0 to HW filter on device eth0
[   12.920815] igb 0000:03:00.0 eth1: igb: eth1 NIC Link is Up 1000 Mbps Full Duplex, Flow Control: RX/TX
[   12.980810] igb 0000:02:00.0 eth0: igb: eth0 NIC Link is Up 1000 Mbps Full Duplex, Flow Control: RX/TX
[   12.990542] IPv6: ADDRCONF(NETDEV_CHANGE): eth0: link becomes ready
[   13.060463] br-lan: port 1(eth1) entered blocking state
[   13.065737] br-lan: port 1(eth1) entered forwarding state
[   13.071703] IPv6: ADDRCONF(NETDEV_CHANGE): br-lan: link becomes ready

** rpi2 B v1.1 2014, transparent case
** rpi2 B+ v1.2 2014, black case
v1.2 has a 4x64-bit ARM
** recv -- rpi3 B+, heatsink case FLIRC
- hostname: recv
- debian buster
- 192.168.7.94
- eth MAC b8:27:eb:68:41:49
- uuid(1): c2fd46a8-1a77-11ea-ad3d-63f17a633433
- blkid: /dev/mmcblk0p2: LABEL="RASPIROOT" UUID="b8f2865e-b461-4e9b-b09e-c82747a07acf" TYPE="ext4" PARTUUID="7b658673-02"

** netgear prosafe gigabit 8 port VPN Firewall FVS318G
http://192.168.1.1 admin / ska11eper
mac e0:46:9a:b7:b0:03

** beaglebone black rev-c ("element14"), black case
** fcntl.4711.se -- SuperMicro 1U; quad intel; 2011
day-of-purchase 2011-?-?
motherboard:
RAM:
CPU: Intel(R) Xeon(R) CPU           X3440  @ 2.53GHz (2533.35-MHz K8-class CPU)
NIC: 2 x Intel 82574L Gigabit Ethernet Controller (82574L)

[root@fcntl ~]# sysctl hw | head -5
hw.machine: amd64
hw.model: Intel(R) Xeon(R) CPU           X3440  @ 2.53GHz
hw.ncpu: 8
hw.byteorder: 1234
hw.physmem: 8553656320
*** installing hbsd 10.3
10.3-STABLE-HBSD
switch port: dfri-sw:23 (stolen from slartibartfast <2016-11-11 Fri>)
inet 171.25.193.12 netmask 0xffffffc0 broadcast 171.25.193.63 
inet6 2001:67c:289c::12 prefixlen 64 

.ssh/config:
Host fcntl
     proxycommand ssh fcntlsshhs -W mothership:22
     CheckHostIP no
     VerifyHostKeyDNS no
     user root
     identityfile ~/ostick/keys/ssh/fcntl
Host fcntlsshhs
     hostname gylsy74pvxttlywo.onion
     CheckHostIP no
     VerifyHostKeyDNS no
     user root
     identityfile ~/ostick/keys/ssh/fcntl

torrc:
HidServAuth gylsy74pvxttlywo.onion 35Nqlr0HLUxmVTlu/4Ptoh       # sshhs@fcntl:22
**** todo when booted off of alternative media [3/3]
- [X] create mirrors
  for part in $(seq 6); do gmirror label p$part /dev/ada0p$part; done;
  for part in $(seq 6); do gmirror insert p$part /dev/ada1p$part; done;
- [X] update fstab
  mount /dev/mirror/p3 /mnt
  sed -i.bak -e 's|^/dev/ada0\(.*\) +|/dev/mirror/\1/g' /mnt/etc/fstab
  umount /mnt
- [X] copy boot stuff
  gpart bootcode -b /boot/pmbr -p /boot/gptboot -i 1 ada1
**** todo when at console [1/1]
- [X] uncomment tmpfs in /etc/fstab and reboot
**** [0/2] secadm in jail 'maatuska'
- [ ] integriforce { path: "/usr/local/bin/tor", hash: FIXME, type: "sha256", mode: "hard" }
- [ ] maaaaaybe whitelist_mode: true    
**** geom, gmirror, gpart info
***** gpart(8)
****** BOOTSTRAPPING
     FreeBSD supports several partitioning schemes and each scheme uses dif‐
     ferent bootstrap code.  The bootstrap code is located in a specific disk
     area for each partitioning scheme, and may vary in size for different
     schemes.

     Bootstrap code can be separated into two types.  The first type is embed‐
     ded in the partitioning scheme's metadata, while the second type is
     located on a specific partition.  Embedding bootstrap code should only be
     done with the gpart bootcode command with the -b bootcode option.  The
     GEOM PART class knows how to safely embed bootstrap code into specific
     partitioning scheme metadata without causing any damage.

     The Master Boot Record (MBR) uses a 512-byte bootstrap code image, embed‐
     ded into the partition table's metadata area.  There are two variants of
     this bootstrap code: /boot/mbr and /boot/boot0.  /boot/mbr searches for a
     partition with the active attribute (see the ATTRIBUTES section) in the
     partition table.  Then it runs next bootstrap stage.  The /boot/boot0
     image contains a boot manager with some additional interactive functions
     for multi-booting from a user-selected partition.

     A BSD disklabel is usually created inside an MBR partition (slice) with
     type freebsd (see the PARTITION TYPES section).  It uses 8 KB size boot‐
     strap code image /boot/boot, embedded into the partition table's metadata
     area.

     Both types of bootstrap code are used to boot from the GUID Partition Ta‐
     ble.  First, a protective MBR is embedded into the first disk sector from
     the /boot/pmbr image.  It searches through the GPT for a freebsd-boot
     partition (see the PARTITION TYPES section) and runs the next bootstrap
     stage from it.  The freebsd-boot partition should be smaller than 545 KB.
     It can be located either before or after other FreeBSD partitions on the
     disk.  There are two variants of bootstrap code to write to this parti‐
     tion: /boot/gptboot and /boot/gptzfsboot.

     /boot/gptboot is used to boot from UFS partitions.  gptboot searches
     through freebsd-ufs partitions in the GPT and selects one to boot based
     on the bootonce and bootme attributes.  If neither attribute is found,
     /boot/gptboot boots from the first freebsd-ufs partition.  /boot/loader
     (the third bootstrap stage) is loaded from the first partition that
     matches these conditions.  See gptboot(8) for more information.

     /boot/gptzfsboot is used to boot from ZFS.  It searches through the GPT
     for freebsd-zfs partitions, trying to detect ZFS pools.  After all pools
     are detected, /boot/zfsloader is started from the first one found.

     The VTOC8 scheme does not support embedding bootstrap code.  Instead, the
     8 KBytes bootstrap code image /boot/boot1 should be written with the
     gpart bootcode command with the -p bootcode option to all sufficiently
     large VTOC8 partitions.  To do this the -i index option could be omitted.

     The APM scheme also does not support embedding bootstrap code.  Instead,
     the 800 KBytes bootstrap code image /boot/boot1.hfs should be written
     with the gpart bootcode command to a partition of type apple-boot, which
     should also be 800 KB in size.

****** EXAMPLES
     Create a GPT scheme on ada0:

           /sbin/gpart create -s GPT ada0

     Embed GPT bootstrap code into a protective MBR:

           /sbin/gpart bootcode -b /boot/pmbr ada0

     Create a dedicated freebsd-boot partition that can boot FreeBSD from a
     freebsd-ufs partition, and install bootstrap code into it.  This parti‐
     tion must be larger than the bootstrap code (usually either /boot/gptboot
     or /boot/gptzfsboot), but smaller than 545 kB since the first-stage
     loader will load the entire partition into memory during boot, regardless
     of how much data it actually contains.  This example uses 88 blocks (44
     kB) so the next partition will be aligned on a 64 kB boundary without the
     need to specify an explicit offset or alignment.  The boot partition
     itself is aligned on a 4 kB boundary.

           /sbin/gpart add -b 40 -s 88 -t freebsd-boot ada0
           /sbin/gpart bootcode -p /boot/gptboot -i 1 ada0

     Create a 512MB-sized freebsd-ufs partition to contain a UFS filesystem
     from which the system can boot.

           /sbin/gpart add -s 512M -t freebsd-ufs ada0

     Create an MBR scheme on ada0, then create a 30GB-sized FreeBSD slice,
     mark it active and install the boot0 boot manager:

           /sbin/gpart create -s MBR ada0
           /sbin/gpart add -t freebsd -s 30G ada0
           /sbin/gpart set -a active -i 1 ada0
           /sbin/gpart bootcode -b /boot/boot0 ada0

     Now create a BSD scheme (BSD label) with space for up to 20 partitions:

           /sbin/gpart create -s BSD -n 20 ada0s1

     Create a 1GB-sized UFS partition and a 4GB-sized swap partition:

           /sbin/gpart add -t freebsd-ufs -s 1G ada0s1
           /sbin/gpart add -t freebsd-swap -s 4G ada0s1

     Install bootstrap code for the BSD label:

           /sbin/gpart bootcode -b /boot/boot ada0s1

     Create a VTOC8 scheme on da0:

           /sbin/gpart create -s VTOC8 da0

     Create a 512MB-sized freebsd-ufs partition to contain a UFS filesystem
     from which the system can boot.

           /sbin/gpart add -s 512M -t freebsd-ufs da0

     Create a 15GB-sized freebsd-ufs partition to contain a UFS filesystem and
     aligned on 4KB boundaries:

           /sbin/gpart add -s 15G -t freebsd-ufs -a 4k da0

     After creating all required partitions, embed bootstrap code into them:

           /sbin/gpart bootcode -p /boot/boot1 da0

     Create a backup of the partition table from da0:

           /sbin/gpart backup da0 > da0.backup

     Restore the partition table from the backup to da0:

           /sbin/gpart restore -l da0 < /mnt/da0.backup

     Clone the partition table from ada0 to ada1 and ada2:

           /sbin/gpart backup ada0 | /sbin/gpart restore -F ada1 ada2
*** upgrading to hbsd 11-stable
**** failed hbsd-udpate from 10 to 11
[root@fcntl ~]# date
Wed Nov 14 15:52:32 CET 2018
[root@fcntl ~]# uname -a
FreeBSD fcntl.4711.se 10.4-STABLE-HBSD FreeBSD 10.4-STABLE-HBSD #0: Fri Mar 30 22:23:15 UTC 2018     root@updater-01:/usr/obj/usr/src/sys/HARDENEDBSD  amd64
[root@fcntl ~]# hbsd-update -C
[+] Local version: hbsd-v1000050-efbca994b402af6832a22a0130a007944bbdc465
[+] Remote version: hbsd-v1000050-efbca994b402af6832a22a0130a007944bbdc465 sha256 6b3ede25edeadcefec9f11cacf62e564c5f984b31a3fc683afe5631848fbc7d5
[root@fcntl ~]# cat /etc/hbsd-update-11-stable.conf | egrep -v ^#\|^\ *$
dnsrec="$(uname -m).master.11-stable.hardened.hardenedbsd.updates.hardenedbsd.org"
capath="/usr/share/keys/hbsd-update/trusted"
branch="hardened/11-stable/master"
baseurl="http://updates.hardenedbsd.org/pub/HardenedBSD/updates/${branch}/$(uname -m)"
[root@fcntl ~]# hbsd-update -c /etc/hbsd-update-11-stable.conf
/tmp/tmp.hsqmelDT/update.tar                  100% of  305 MB 2792 kBps 01m51s
[-] Warning: Could not find extra file script.sh.  Skipping validity checks for that file.

reboot

[root@fcntl ~]# screen
Shared object "libelf.so.1" not found, required by "screen"

[root@fcntl ~]# hbsd-update -C
hbsd-v1100056-c37a9e39ed1ad511bbe51c46c4228f33587d2d00
[+] Local version: hbsd-v1100056-c37a9e39ed1ad511bbe51c46c4228f33587d2d00
[+] Remote version: hbsd-v1100056-c37a9e39ed1ad511bbe51c46c4228f33587d2d00 sha256 11a993965536e39692a7297272cfee8080523097f8276b4adee25946bb0662ad
[root@fcntl ~]# uname -a
FreeBSD fcntl.4711.se 11.2-STABLE-HBSD FreeBSD 11.2-STABLE-HBSD #0 : Wed Nov  7 03:00:42 UTC 2018     root@updater-01:/usr/obj/usr/src/sys/HARDENEDBSD  amd64

[root@fcntl ~]# secadm list
sysctlbyname: No such file or directory
unable to get rules. error code: -1

[root@fcntl ~]# pkg-static install -f pkg
[root@fcntl ~]# pkg clean -y
[root@fcntl ~]# pkg upgrade -f

Here, kernel started panic and some 6h later, and a clean reinstall, I
suspect mac_biba to be the culprit. All the mac_* modules are disabled
and multilabel disabled for /. The system seems stable after
that. Re-adding modules one at a time, with days between, starting
with gmirror on <2018-11-20 Tue>.
**** base install
when booted from usb stick
  tunefs -l enable /dev/ada0p2
**** jail maatuska
pkg install bash git-lite
pkg install autoconf automake libtool libevent pkgconf lzma zstd gmake

**** disk mirroring
# in single user mode, booted from a stick
gpart backup ada0 | gpart restore -F ada1
gpart bootcode -b /boot/pmbr -p /boot/gptboot -i 1 ada1
for part in 2 3; do gmirror label p$part /dev/ada0p$part; done 
mount /dev/ada0p2 /mnt
sed -i.bak -e 's|^/dev/ada0\(.*\) +|/dev/mirror/\1/g' /mnt/etc/fstab
umount /mnt
shutdown -r now
for part in 2 3; do gmirror insert p$part /dev/ada1p$part; done 
*** modermodemet.adb-centralen.se
**** IP addresses
193.10.5.101
2001:6b0:8::101
**** Disk layout
Base setup was done like described in http://wiki.freebsd.org/RootOnZFS/GPTZFSBoot/Mirror.

[root@modermodemet /etc]# egrep ad[0-9] /var/run/dmesg.boot 
ad5: 286168MB <WDC WD3000HLFS-01G6U1 04.04V02> at ata2-slave UDMA100 SATA 3Gb/s
ad6: 286168MB <WDC WD3000HLFS-01G6U1 04.04V02> at ata3-master UDMA100 SATA 3Gb/s

[root@modermodemet /etc]# gpart show
=>       34  586072301  ad5  GPT  (279G)
         34        128    1  freebsd-boot  (64K)
        162    8388608    2  freebsd-swap  (4.0G)
    8388770  577683565    3  freebsd-zfs  (275G)

=>       34  586072301  ad6  GPT  (279G)
         34        128    1  freebsd-boot  (64K)
        162    8388608    2  freebsd-swap  (4.0G)
    8388770  577683565    3  freebsd-zfs  (275G)

[root@modermodemet /etc]# zpool list
NAME    SIZE   USED  AVAIL    CAP  HEALTH  ALTROOT
zroot   274G  32.5G   241G    11%  ONLINE  -

[root@modermodemet /etc]# zpool status
  pool: zroot
 state: ONLINE
 scrub: none requested
config:

        NAME           STATE     READ WRITE CKSUM
        zroot          ONLINE       0     0     0
          mirror       ONLINE       0     0     0
            gpt/disk0  ONLINE       0     0     0
            gpt/disk1  ONLINE       0     0     0

errors: No known data errors

[root@modermodemet /etc]# cat /etc/fstab 
/dev/gpt/swap0 none swap sw 0 0
/dev/gpt/swap1 none swap sw 0 0

[root@modermodemet /etc]# pstat -s
Device          1K-blocks     Used    Avail Capacity
/dev/gpt/swap0    4194304        0  4194304     0%
/dev/gpt/swap1    4194304        0  4194304     0%
Total             8388608        0  8388608     0%

[root@modermodemet /etc]# zfs list
NAME                        USED  AVAIL  REFER  MOUNTPOINT
zroot                      32.5G   237G   290M  legacy
zroot/tmp                    32K   237G    32K  /tmp
zroot/usr                  32.2G   237G   575M  /usr
zroot/usr/home             31.0G   237G  31.0G  /usr/home
zroot/usr/ports             368M   237G   231M  /usr/ports
zroot/usr/ports/distfiles   121M   237G   121M  /usr/ports/distfiles
zroot/usr/ports/packages   16.4M   237G  16.4M  /usr/ports/packages
zroot/usr/src               308M   237G   308M  /usr/src
zroot/var                  11.3M   237G   230K  /var
zroot/var/crash            22.5K   237G  22.5K  /var/crash
zroot/var/db               7.27M   237G  4.59M  /var/db
zroot/var/db/pkg           2.68M   237G  2.68M  /var/db/pkg
zroot/var/empty              21K   237G    21K  /var/empty
zroot/var/log              1.45M   237G  1.45M  /var/log
zroot/var/mail             2.20M   237G  2.20M  /var/mail
zroot/var/run                54K   237G    54K  /var/run
zroot/var/tmp                23K   237G    23K  /var/tmp

**** Jail setup
***** How the base jail was set up
There is a base jail in /jail/base, installed like this:

  export JAILBASE=/jail/base
  cd /usr/src; make buildworld
  make installworld DESTDIR=$JAILBASE
  make distribution DESTDIR=$JAILBASE
  mkdir $JAILBASE/usr/ports
  portsnap -p $JAILBASE/usr/ports extract
  mkdir $JAILBASE/usr/local
  mkdir $JAILBASE/home

And with the following in /etc/rc.conf:

jail_enable=YES
jail_list="lntest lnproj lndfri jnj0"
jail_interface="em0"
jail_flags="-l -U root -s 3"
jail_sysvipc_allow=NO
jail_set_hostname_allow=NO
jail_socket_unixiproute_only=YES
jail_devfs_enable=YES
jail_devfs_ruleset="devfsrules_jail"

***** How to create a new jail
Create a new jail using the mkjail.sh script (in /root):

  /root/mkjail.sh ln test	# creates /jail/ln/test

Follow the instructions on what to add to /etc/fstab in the
mothership. Mount the new filesystems, mount -a.

Add config in rc.conf:

<add new jail to jail_list>

[root@modermodemet /jail/ln]# egrep ^jail_lntest /etc/rc.conf 
jail_lntest_rootdir=/jail/ln/test
jail_lntest_hostname=lntest.adb-centralen.se
jail_lntest_ip="10.0.0.1"       #"<v4>,<v6>"

Start the jail:

  /etc/rc.d/jail start <jail-name>

Get a shell:

  jexec <number, see jls> sh -

Set up the basics:
echo "nameserver 193.10.5.87" > /etc/resolv.conf
ln -s /usr/share/zoneinfo/Europe/Stockholm /etc/localtime
cat >> /etc/make.conf <<EOF
WRKDIRPREFIX=           /usr/local/ports
DISTDIR=                /usr/local/ports/distfiles
PACKAGES=               /usr/local/ports/packages
EOF
cd /usr/ports/ports-mgmt/portmaster && make install clean
portmaster -y ports-mgmt/portaudit && /usr/local/sbin/portaudit -Fda
echo daily_status_security_portaudit_enable=NO >> /etc/periodic.conf
portmaster -y shells/bash
chsh -s /usr/local/bin/bash root
bash -

cat >> /etc/rc.conf <<EOF
sendmail_enable=NONE
syslogd_flags="-C -4 -ss -vv"
EOF
/etc/rc.d/syslogd restart

**** Existing jails [4/11]
- [X] accept (IM)
      - [X] ejabberd
- [X] brk
      - [X] external MTA (postfix)
      - [X] postgrey
      - [X] dovecot SASL
- [ ] creat (webmail)
      - [ ] apache or lighttpd
      - [ ] horde or roundcube
- [ ] dup2
      - [ ] heimdal
- [ ] execve
      - [ ] imapd (cyrus or dovecot?)
- [X] jn0 193.10.5.107 2001:6b0:8::107
- [X] lnproj proj.adbcentralen.se (koseuhaeB3so)
      - [X] ikiwiki
- [ ] NAME
      - [ ] tor relay
      - [ ] tor bridge
- [ ] NAME
      - [ ] postfix MTA
- [ ] NAME
      - [ ] named or nsd and unbound (?)
- [ ] NAME -- proxy
      - [ ] tcp-over-dns
**** Strange things to look into
***** no buffer space available 2013-05-09
around 13:00 on 2013-05-09, mm stopped responding.
ping at console showed "no buffer space available".
see /root/*20130509* for details.
increased nmbclusters to 64' and rebooted.

at 11:36 on 2013-05-10, it happened again. i think that the kernel is
out of RAM. update: wait, that machine has 8GB. seems unlikely.

why is this happening now? 1) i started a few more jails on may which
could possibly consume some RAM, mostly bc of zfs i think, 2) do we
use lots of icmp or udp packets? that's (was?) supposedly a common
reason for "no buffer space available". what if we are being SYN
flooded or get lots of udp for some reason? do we see the "max RST"
log entries?

action friday 2013-05-10, before leaving town until monday night: 1)
run netstat -m, netstat -an, vmstat -z, pfctl -s a and record
results, 2) disable all unused jails, 3) disable all unused zfs
partitions/zones(?) from being mounted (/etc/fstab), 4) reboot and
record the stuff from above again

things done 2013-05-10:
- ifconfig down+up at 12:26 got things going again
- stopped and disabled a couple of jails, unmounted stuff
- keeping nmbclusters at 64000
- set up an hourly cron job that brings down+up em0 if we can't ping
  default gw. it also collects system data before and after doing
  that.
***** misc
Aug 31 09:48:17 modermodemet kernel: pid 78027 (try), uid 0: exited on signal 10 (core dumped)
**** Upgrading 8.2-RELEASE-p3 --> 8-STABLE
***** Upgrading the boot ZFS pool
in new world:
gpart bootcode -p /boot/gptzfsboot -i 1 ad5
gpart bootcode -p /boot/gptzfsboot -i 1 ad6

**** ejabberd <2012-11-24 Sat>
Upgrading beam, backup is somewhere where portmaster put it.
===>>> Upgrade of erlang-r14b04_2,1 to erlang-15.b.02_1,2 succeeded

Not restarting right now. This note is for the future when things just
break at restart.
**** out of buffer space, may 2013
<back story, see somewhere else>

Trouble since then:
<2013-05-14 Tue> CEST, xmpp-client
 * (5:38PM) read tcp 193.10.5.85:5222: connection reset by peer
<2013-05-15 Wed>
Wed May 15 13:53:55 2013 Client Disconnect: [0:ln5@193.10.5.108] Connection closed
<2013-05-31 Fri> the ifdownup script fired
<2013-06-05 Wed> 
Wed Jun  5 07:01:05 2013 IRC Connection Failed: 0:ln5@193.10.5.108 to oxygen.oftc.net port 0: DNS lookup failure or bad address
*** fcntl reachability from sunet
[linus@kcmp ~]$ while true; do ping -c 1 -t 1 fcntl.4711.se >/dev/null 2>&1 || date | tee -a fcntl-downtime; sleep 10 ; done
Thu Nov 15 04:41:20 CET 2018
Thu Nov 15 07:25:21 CET 2018
Thu Nov 15 12:16:53 CET 2018
Thu Nov 15 12:39:07 CET 2018
Thu Nov 15 13:03:13 CET 2018
Thu Nov 15 16:43:15 CET 2018
Thu Nov 15 17:15:42 CET 2018
Thu Nov 15 17:36:17 CET 2018
Thu Nov 15 17:36:28 CET 2018
Thu Nov 15 17:36:39 CET 2018
Thu Nov 15 17:37:00 CET 2018
Thu Nov 15 17:51:03 CET 2018
Thu Nov 15 17:51:14 CET 2018
Thu Nov 15 17:52:25 CET 2018
Thu Nov 15 17:52:37 CET 2018
Thu Nov 15 17:52:48 CET 2018
Thu Nov 15 17:54:39 CET 2018
Thu Nov 15 17:54:50 CET 2018
Thu Nov 15 17:55:01 CET 2018
Thu Nov 15 19:00:25 CET 2018
Thu Nov 15 19:47:13 CET 2018
Thu Nov 15 20:09:38 CET 2018
Thu Nov 15 21:46:26 CET 2018
Thu Nov 15 22:10:12 CET 2018
Fri Nov 16 06:27:39 CET 2018
Fri Nov 16 06:42:23 CET 2018
Fri Nov 16 07:01:58 CET 2018
Fri Nov 16 09:53:18 CET 2018
Fri Nov 16 10:15:24 CET 2018

** flogsta -- x60 32bit
** Dell 1425, 32-bit (temp loan from leif); office @ TUG
** apuapu -- apu1d firewall @home
Firewall at home.
*** updating base and packages
- reboot to securelevel -1
- hbsd-update
  /tmp/tmp.DU6hAxiz/update.tar                  100% of  287 MB   24 MBps 00m12s
- reboot into new kernel (securelevel=2)
- pkg upgrade -y
*** hardware
http://www.pcengines.ch/apu.htm
2G RAM
8G SD card
64G mSATA (not found)

SD card:
da0 15G GPT
da0p1 512k freebsd-boot
da0p2 6G freebsd-ufs /
da0p3 ~9G freebsd-ufs /usr

*** console access
minicom -D /dev/ttyUSB0

*** os
- hardenedbsd 10-STABLE (v40.1) installed in october 2016
- http://installer.hardenedbsd.org/releases/hardened_10_stable_master-LAST/

*** dmesg
[1] Copyright (c) 1992-2015 The FreeBSD Project.
[1] Copyright (c) 1979, 1980, 1983, 1986, 1988, 1989, 1991, 1992, 1993, 1994
[1]     The Regents of the University of California. All rights reserved.
[1] FreeBSD is a registered trademark of The FreeBSD Foundation.
[1] FreeBSD 10.2-STABLE-HBSD #19 b7c236c(HEAD): Wed Oct  7 17:54:08 EDT 2015
[1]     root@nyi-01.build.hardenedbsd.org:/usr/obj/jenkins/workspace/HardenedBSD-stable-10-STABLE-amd64/sys/HARDENEDBSD amd64
[1] FreeBSD clang version 3.4.1 (tags/RELEASE_34/dot1-final 208032) 20140512
[1] PAX: initialize and check PaX and HardenedBSD features.
[1] [PAX LOG] logging to system: enabled
[1] [PAX LOG] logging to user: disabled
[1] [PAX ASLR] status: opt-out
[1] [PAX ASLR] mmap: 30 bit
[1] [PAX ASLR] exec base: 30 bit
[1] [PAX ASLR] stack: 42 bit
[1] [PAX ASLR] vdso: 28 bit
[1] [PAX ASLR] disallow MAP_32BIT mode mmap: opt-out
[1] [PAX PAGEEXEC] status: opt-out
[1] [PAX MPROTECT] status: opt-out
[1] [PAX HARDENING] procfs hardening: enabled
[1] [PAX HARDENING] randomize pids: enabled
[1] [PAX HARDENING] unset insecure init variables: enabled
[1] [PAX SEGVGUARD] status: opt-in
[1] [PAX SEGVGUARD] expiry: 120 sec
[1] [PAX SEGVGUARD] suspension: 600 sec
[1] [PAX SEGVGUARD] maxcrahes: 5
[1] CPU: AMD G-T40E Processor (1000.02-MHz K8-class CPU)
[1]   Origin="AuthenticAMD"  Id=0x500f20  Family=0x14  Model=0x2  Stepping=0
[1]   Features=0x178bfbff<FPU,VME,DE,PSE,TSC,MSR,PAE,MCE,CX8,APIC,SEP,MTRR,PGE,MCA,CMOV,PAT,PSE36,CLFLUSH,MMX,FXSR,SSE,SSE2,HTT>
[1]   Features2=0x802209<SSE3,MON,SSSE3,CX16,POPCNT>
[1]   AMD Features=0x2e500800<SYSCALL,NX,MMX+,FFXSR,Page1GB,RDTSCP,LM>
[1]   AMD Features2=0x35ff<LAHF,CMP,SVM,ExtAPIC,CR8,ABM,SSE4A,MAS,Prefetch,IBS,SKINIT,WDT>
[1]   SVM: NP,NRIP,NAsids=8
[1]   TSC: P-state invariant, performance statistics
[1] real memory  = 2115420160 (2017 MB)
[1] avail memory = 2019016704 (1925 MB)
[1] Event timer "LAPIC" quality 400
[1] ACPI APIC Table: <CORE   COREBOOT>
[1] FreeBSD/SMP: Multiprocessor System Detected: 2 CPUs
[1] FreeBSD/SMP: 1 package(s) x 2 core(s)
[1]  cpu0 (BSP): APIC ID:  0
[1]  cpu1 (AP): APIC ID:  1
[1] random device not loaded; using insecure entropy
[1] ioapic0 <Version 2.1> irqs 0-23 on motherboard
[1] random: <Software, Yarrow> initialized
[1] kbd0 at kbdmux0
[1] module_register_init: MOD_LOAD (vesa, 0xffffffff80dc3a50, 0) error 19
[1] cryptosoft0: <software crypto> on motherboard
[1] aesni0: No AESNI support.
[1] acpi0: <CORE COREBOOT> on motherboard
[1] acpi0: Power Button (fixed)
[1] cpu0: <ACPI CPU> on acpi0
[1] cpu1: <ACPI CPU> on acpi0
[1] atrtc0: <AT realtime clock> port 0x70-0x71 irq 8 on acpi0
[1] Event timer "RTC" frequency 32768 Hz quality 0
[1] attimer0: <AT timer> port 0x40-0x43 irq 0 on acpi0
[1] Timecounter "i8254" frequency 1193182 Hz quality 0
[1] Event timer "i8254" frequency 1193182 Hz quality 100
[1] Timecounter "ACPI-fast" frequency 3579545 Hz quality 900
[1] acpi_timer0: <32-bit timer at 3.579545MHz> port 0x808-0x80b on acpi0
[1] hpet0: <High Precision Event Timer> iomem 0xfed00000-0xfed003ff on acpi0
[1] Timecounter "HPET" frequency 14318180 Hz quality 950
[1] Event timer "HPET" frequency 14318180 Hz quality 550
[1] Event timer "HPET1" frequency 14318180 Hz quality 450
[1] pcib0: <ACPI Host-PCI bridge> port 0xcf8-0xcff on acpi0
[1] pci0: <ACPI PCI bus> on pcib0
[1] pcib1: <ACPI PCI-PCI bridge> at device 4.0 on pci0
[1] pci1: <ACPI PCI bus> on pcib1
[1] re0: <RealTek 8168/8111 B/C/CP/D/DP/E/F/G PCIe Gigabit Ethernet> port 0x1000-0x10ff mem 0xfe600000-0xfe600fff,0xfe500000-0xfe503fff at device 0.0 on pci1
[1] re0: Using 1 MSI-X message
[1] re0: ASPM disabled
[1] re0: Chip rev. 0x2c000000
[1] re0: MAC rev. 0x00200000
[1] miibus0: <MII bus> on re0
[1] rgephy0: <RTL8169S/8110S/8211 1000BASE-T media interface> PHY 1 on miibus0
[1] rgephy0:  none, 10baseT, 10baseT-FDX, 10baseT-FDX-flow, 100baseTX, 100baseTX-FDX, 100baseTX-FDX-flow, 1000baseT, 1000baseT-master, 1000baseT-FDX, 1000baseT-FDX-mastw
[1] re0: Using defaults for TSO: 65518/35/2048
[1] re0: Ethernet address: 00:0d:b9:33:14:70
[1] pcib2: <ACPI PCI-PCI bridge> at device 5.0 on pci0
[1] pci2: <ACPI PCI bus> on pcib2
[1] re1: <RealTek 8168/8111 B/C/CP/D/DP/E/F/G PCIe Gigabit Ethernet> port 0x2000-0x20ff mem 0xfe800000-0xfe800fff,0xfe700000-0xfe703fff at device 0.0 on pci2
[1] re1: Using 1 MSI-X message
[1] re1: ASPM disabled
[1] re1: Chip rev. 0x2c000000
[1] re1: MAC rev. 0x00200000
[1] miibus1: <MII bus> on re1
[1] rgephy1: <RTL8169S/8110S/8211 1000BASE-T media interface> PHY 1 on miibus1
[1] rgephy1:  none, 10baseT, 10baseT-FDX, 10baseT-FDX-flow, 100baseTX, 100baseTX-FDX, 100baseTX-FDX-flow, 1000baseT, 1000baseT-master, 1000baseT-FDX, 1000baseT-FDX-mastw
[1] re1: Using defaults for TSO: 65518/35/2048
[1] re1: Ethernet address: 00:0d:b9:33:14:71
[1] pcib3: <ACPI PCI-PCI bridge> at device 6.0 on pci0
[1] pci3: <ACPI PCI bus> on pcib3
[1] re2: <RealTek 8168/8111 B/C/CP/D/DP/E/F/G PCIe Gigabit Ethernet> port 0x3000-0x30ff mem 0xfea00000-0xfea00fff,0xfe900000-0xfe903fff at device 0.0 on pci3
[1] re2: Using 1 MSI-X message
[1] re2: ASPM disabled
[1] re2: Chip rev. 0x2c000000
[1] re2: MAC rev. 0x00200000
[1] miibus2: <MII bus> on re2
[1] rgephy2: <RTL8169S/8110S/8211 1000BASE-T media interface> PHY 1 on miibus2
[1] rgephy2:  none, 10baseT, 10baseT-FDX, 10baseT-FDX-flow, 100baseTX, 100baseTX-FDX, 100baseTX-FDX-flow, 1000baseT, 1000baseT-master, 1000baseT-FDX, 1000baseT-FDX-mastw
[1] re2: Using defaults for TSO: 65518/35/2048
[1] re2: Ethernet address: 00:0d:b9:33:14:72
[1] ahci0: <AMD SB7x0/SB8x0/SB9x0 AHCI SATA controller> port 0x4020-0x4027,0x4040-0x4043,0x4028-0x402f,0x4044-0x4047,0x4000-0x400f mem 0xfeb08000-0xfeb083ff at device 10
[1] ahci0: AHCI v1.20 with 4 6Gbps ports, Port Multiplier supported
[1] ahci0: quirks=0x22000<ATI_PMP_BUG,1MSI>
[1] ahcich0: <AHCI channel> at channel 0 on ahci0
[1] ahcich1: <AHCI channel> at channel 1 on ahci0
[1] ahcich2: <AHCI channel> at channel 2 on ahci0
[1] ahcich3: <AHCI channel> at channel 3 on ahci0
[1] ohci0: <AMD SB7x0/SB8x0/SB9x0 USB controller> mem 0xfeb04000-0xfeb04fff at device 18.0 on pci0
[1] usbus0 on ohci0
[1] ehci0: <AMD SB7x0/SB8x0/SB9x0 USB 2.0 controller> mem 0xfeb08400-0xfeb084ff at device 18.2 on pci0
[1] usbus1: EHCI version 1.0
[1] usbus1 on ehci0
[1] ohci1: <AMD SB7x0/SB8x0/SB9x0 USB controller> mem 0xfeb05000-0xfeb05fff at device 19.0 on pci0
[1] usbus2 on ohci1
[1] ehci1: <AMD SB7x0/SB8x0/SB9x0 USB 2.0 controller> mem 0xfeb08500-0xfeb085ff at device 19.2 on pci0
[1] usbus3: EHCI version 1.0
[1] usbus3 on ehci1
[1] atapci0: <ATI IXP700/800 UDMA133 controller> port 0x1f0-0x1f7,0x3f6,0x170-0x177,0x376,0x4010-0x401f at device 20.1 on pci0
[1] ata0: <ATA channel> at channel 0 on atapci0
[1] ata1: <ATA channel> at channel 1 on atapci0
[1] isab0: <PCI-ISA bridge> at device 20.3 on pci0
[1] isa0: <ISA bus> on isab0
[1] pcib4: <ACPI PCI-PCI bridge> at device 20.4 on pci0
[1] pcib4: failed to allocate initial memory window: 0-0xfffff
[1] pcib4: failed to allocate initial prefetch window: 0-0xfffff
[1] pci5: <ACPI PCI bus> on pcib4
[1] ohci2: <AMD SB7x0/SB8x0/SB9x0 USB controller> mem 0xfeb06000-0xfeb06fff at device 20.5 on pci0
[1] usbus4 on ohci2
[1] pcib5: <ACPI PCI-PCI bridge> at device 21.0 on pci0
[1] pci4: <ACPI PCI bus> on pcib5
[1] ohci3: <AMD SB7x0/SB8x0/SB9x0 USB controller> mem 0xfeb07000-0xfeb07fff at device 22.0 on pci0
[1] usbus5 on ohci3
[1] ehci2: <AMD SB7x0/SB8x0/SB9x0 USB 2.0 controller> mem 0xfeb08600-0xfeb086ff at device 22.2 on pci0
[1] usbus6: EHCI version 1.0
[1] usbus6 on ehci2
[1] acpi_button0: <Power Button> on acpi0
[1] orm0: <ISA Option ROM> at iomem 0xee800-0xeffff on isa0
[1] ppc0: cannot reserve I/O port range
[1] uart0: <16550 or compatible> at port 0x3f8-0x3ff irq 4 flags 0x10 on isa0
[1] uart0: console (115200,n,8,1)
[1] uart1: <16550 or compatible> at port 0x2f8-0x2ff irq 3 on isa0
[1] Timecounters tick every 1.000 msec
[1] random: unblocking device.
[1] usbus0: 12Mbps Full Speed USB v1.0
[1] usbus1: 480Mbps High Speed USB v2.0
[1] usbus2: 12Mbps Full Speed USB v1.0
[1] usbus3: 480Mbps High Speed USB v2.0
[1] ugen0.1: <ATI> at usbus0
[1] uhub0: <ATI OHCI root HUB, class 9/0, rev 1.00/1.00, addr 1> on usbus0
[1] ugen1.1: <ATI> at usbus1
[1] uhub1: <ATI EHCI root HUB, class 9/0, rev 2.00/1.00, addr 1> on usbus1
[1] ugen2.1: <ATI> at usbus2
[1] uhub2: <ATI OHCI root HUB, class 9/0, rev 1.00/1.00, addr 1> on usbus2
[1] ugen3.1: <ATI> at usbus3
[1] uhub3: <ATI EHCI root HUB, class 9/0, rev 2.00/1.00, addr 1> on usbus3
[1] usbus4: 12Mbps Full Speed USB v1.0
[1] usbus5: 12Mbps Full Speed USB v1.0
[1] usbus6: 480Mbps High Speed USB v2.0
[1] ugen4.1: <ATI> at usbus4
[1] uhub4: <ATI OHCI root HUB, class 9/0, rev 1.00/1.00, addr 1> on usbus4
[1] ugen5.1: <ATI> at usbus5
[1] uhub5: <ATI OHCI root HUB, class 9/0, rev 1.00/1.00, addr 1> on usbus5
[1] ugen6.1: <ATI> at usbus6
[1] uhub6: <ATI EHCI root HUB, class 9/0, rev 2.00/1.00, addr 1> on usbus6
[1] uhub4: 2 ports with 2 removable, self powered
[1] uhub0: 5 ports with 5 removable, self powered
[1] uhub2: 5 ports with 5 removable, self powered
[1] uhub5: 4 ports with 4 removable, self powered
[2] uhub6: 4 ports with 4 removable, self powered
[3] uhub1: 5 ports with 5 removable, self powered
[3] uhub3: 5 ports with 5 removable, self powered
[3] ugen6.2: <Generic> at usbus6
[3] umass0: <Generic Flash Card ReaderWriter, class 0/0, rev 2.01/1.00, addr 2> on usbus6
[3] umass0:  SCSI over Bulk-Only; quirks = 0x4001
[3] umass0:6:0:-1: Attached to scbus6
[4] ugen1.2: <USB 2.0> at usbus1
[4] umass1: <USB 2.0 USB 2.0, class 0/0, rev 2.00/1.07, addr 2> on usbus1
[4] umass1:  SCSI over Bulk-Only; quirks = 0x4101
[4] umass1:7:1:-1: Attached to scbus7
[5] da1 at umass-sim1 bus 1 scbus7 target 0 lun 0
[5] da1: <Generic Flash Disk 8.07> Removable Direct Access SCSI-2 device
[5] da1: Serial Number CC06F232
[5] da1: 40.000MB/s transfers
[5] da1: 8045MB (16476160 512 byte sectors: 255H 63S/T 1025C)
[5] da1: quirks=0x2<NO_6_BYTE>
[5] da0 at umass-sim0 bus 0 scbus6 target 0 lun 0
[5] da0: <Multiple Card  Reader 1.00> Removable Direct Access SPC-2 SCSI device
[5] da0: Serial Number 058F63666485
[5] da0: 40.000MB/s transfers
[5] da0: Attempt to query device size failed: NOT READY, Medium not present
[5] da0: quirks=0x2<NO_6_BYTE>
[5] SMP: AP CPU #1 Launched!
[5] Timecounter "TSC" frequency 1000022692 Hz quality 800
[6] Trying to mount root from ufs:/dev/ufs/HardenedBSD_Install [ro,noatime]...
[11] re0: link state changed to DOWN
[11] re1: link state changed to DOWN
[11] re2: link state changed to DOWN
*** pciconf -lvbc
hostb0@pci0:0:0:0:      class=0x060000 card=0x15101022 chip=0x15101022 rev=0x00 hdr=0x00
    vendor     = 'Advanced Micro Devices, Inc. [AMD]'
    device     = 'Family 14h Processor Root Complex'
    class      = bridge
    subclass   = HOST-PCI
pcib1@pci0:0:4:0:       class=0x060400 card=0x12341022 chip=0x15121022 rev=0x00 hdr=0x01
    vendor     = 'Advanced Micro Devices, Inc. [AMD]'
    device     = 'Family 14h Processor Root Port'
    class      = bridge
    subclass   = PCI-PCI
    cap 01[50] = powerspec 3  supports D0 D3  current D0
    cap 10[58] = PCI-Express 2 root port slot max data 128(128) link x1(x1)
                 speed 2.5(5.0) ASPM L0s/L1(L0s/L1)
    cap 05[a0] = MSI supports 1 message, 64 bit
    cap 0d[b0] = PCI Bridge card=0x12341022
    cap 08[b8] = HT MSI fixed address window enabled at 0xfee00000
pcib2@pci0:0:5:0:       class=0x060400 card=0x12341022 chip=0x15131022 rev=0x00 hdr=0x01
    vendor     = 'Advanced Micro Devices, Inc. [AMD]'
    device     = 'Family 14h Processor Root Port'
    class      = bridge
    subclass   = PCI-PCI
    cap 01[50] = powerspec 3  supports D0 D3  current D0
    cap 10[58] = PCI-Express 2 root port slot max data 128(128) link x1(x1)
                 speed 2.5(5.0) ASPM L0s/L1(L0s/L1)
    cap 05[a0] = MSI supports 1 message, 64 bit
    cap 0d[b0] = PCI Bridge card=0x12341022
    cap 08[b8] = HT MSI fixed address window enabled at 0xfee00000
pcib3@pci0:0:6:0:       class=0x060400 card=0x12341022 chip=0x15141022 rev=0x00 hdr=0x01
    vendor     = 'Advanced Micro Devices, Inc. [AMD]'
    device     = 'Family 14h Processor Root Port'
    class      = bridge
    subclass   = PCI-PCI
    cap 01[50] = powerspec 3  supports D0 D3  current D0
    cap 10[58] = PCI-Express 2 root port slot max data 128(128) link x1(x1)
                 speed 2.5(5.0) ASPM L0s/L1(L0s/L1)
    cap 05[a0] = MSI supports 1 message, 64 bit
    cap 0d[b0] = PCI Bridge card=0x12341022
    cap 08[b8] = HT MSI fixed address window enabled at 0xfee00000
ahci0@pci0:0:17:0:      class=0x010601 card=0x43911002 chip=0x43911002 rev=0x40 hdr=0x00
    vendor     = 'Advanced Micro Devices, Inc. [AMD/ATI]'
    device     = 'SB7x0/SB8x0/SB9x0 SATA Controller [AHCI mode]'
    class      = mass storage
    subclass   = SATA
    bar   [10] = type I/O Port, range 32, base 0x4020, size 8, enabled
    bar   [14] = type I/O Port, range 32, base 0x4040, size 4, enabled
    bar   [18] = type I/O Port, range 32, base 0x4028, size 8, enabled
    bar   [1c] = type I/O Port, range 32, base 0x4044, size 4, enabled
    bar   [20] = type I/O Port, range 32, base 0x4000, size 16, enabled
    bar   [24] = type Memory, range 32, base 0xfeb08000, size 1024, enabled
    cap 12[70] = SATA Index-Data Pair
    cap 13[a4] = PCI Advanced Features: FLR TP
ohci0@pci0:0:18:0:      class=0x0c0310 card=0x43971002 chip=0x43971002 rev=0x00 hdr=0x00
    vendor     = 'Advanced Micro Devices, Inc. [AMD/ATI]'
    device     = 'SB7x0/SB8x0/SB9x0 USB OHCI0 Controller'
    class      = serial bus
    subclass   = USB
    bar   [10] = type Memory, range 32, base 0xfeb04000, size 4096, enabled
ehci0@pci0:0:18:2:      class=0x0c0320 card=0x43961002 chip=0x43961002 rev=0x00 hdr=0x00
    vendor     = 'Advanced Micro Devices, Inc. [AMD/ATI]'
    device     = 'SB7x0/SB8x0/SB9x0 USB EHCI Controller'
    class      = serial bus
    subclass   = USB
    bar   [10] = type Memory, range 32, base 0xfeb08400, size 256, enabled
    cap 01[c0] = powerspec 2  supports D0 D1 D2 D3  current D0
    cap 0a[e4] = EHCI Debug Port at offset 0xe0 in map 0x14
ohci1@pci0:0:19:0:      class=0x0c0310 card=0x43971002 chip=0x43971002 rev=0x00 hdr=0x00
    vendor     = 'Advanced Micro Devices, Inc. [AMD/ATI]'
    device     = 'SB7x0/SB8x0/SB9x0 USB OHCI0 Controller'
    class      = serial bus
    subclass   = USB
    bar   [10] = type Memory, range 32, base 0xfeb05000, size 4096, enabled
ehci1@pci0:0:19:2:      class=0x0c0320 card=0x43961002 chip=0x43961002 rev=0x00 hdr=0x00
    vendor     = 'Advanced Micro Devices, Inc. [AMD/ATI]'
    device     = 'SB7x0/SB8x0/SB9x0 USB EHCI Controller'
    class      = serial bus
    subclass   = USB
    bar   [10] = type Memory, range 32, base 0xfeb08500, size 256, enabled
    cap 01[c0] = powerspec 2  supports D0 D1 D2 D3  current D0
    cap 0a[e4] = EHCI Debug Port at offset 0xe0 in map 0x14
none0@pci0:0:20:0:      class=0x0c0500 card=0x15101022 chip=0x43851002 rev=0x42 hdr=0x00
    vendor     = 'Advanced Micro Devices, Inc. [AMD/ATI]'
    device     = 'SBx00 SMBus Controller'
    class      = serial bus
    subclass   = SMBus
atapci0@pci0:0:20:1:    class=0x01018a card=0x439c1002 chip=0x439c1002 rev=0x40 hdr=0x00
    vendor     = 'Advanced Micro Devices, Inc. [AMD/ATI]'
    device     = 'SB7x0/SB8x0/SB9x0 IDE Controller'
    class      = mass storage
    subclass   = ATA
    bar   [20] = type I/O Port, range 32, base 0x4010, size 16, enabled
isab0@pci0:0:20:3:      class=0x060100 card=0x439d1002 chip=0x439d1002 rev=0x40 hdr=0x00
    vendor     = 'Advanced Micro Devices, Inc. [AMD/ATI]'
    device     = 'SB7x0/SB8x0/SB9x0 LPC host controller'
    class      = bridge
    subclass   = PCI-ISA
pcib4@pci0:0:20:4:      class=0x060401 card=0x00000000 chip=0x43841002 rev=0x40 hdr=0x01
    vendor     = 'Advanced Micro Devices, Inc. [AMD/ATI]'
    device     = 'SBx00 PCI to PCI Bridge'
    class      = bridge
    subclass   = PCI-PCI
ohci2@pci0:0:20:5:      class=0x0c0310 card=0x43991002 chip=0x43991002 rev=0x00 hdr=0x00
    vendor     = 'Advanced Micro Devices, Inc. [AMD/ATI]'
    device     = 'SB7x0/SB8x0/SB9x0 USB OHCI2 Controller'
    class      = serial bus
    subclass   = USB
    bar   [10] = type Memory, range 32, base 0xfeb06000, size 4096, enabled
pcib5@pci0:0:21:0:      class=0x060400 card=0x00001002 chip=0x43a01002 rev=0x00 hdr=0x01
    vendor     = 'Advanced Micro Devices, Inc. [AMD/ATI]'
    device     = 'SB700/SB800/SB900 PCI to PCI bridge (PCIE port 0)'
    class      = bridge
    subclass   = PCI-PCI
    cap 01[50] = powerspec 3  supports D0 D1 D2 D3  current D0
    cap 10[58] = PCI-Express 2 root port max data 128(128) link x16(x4)
                 speed undef(2.5) ASPM disabled(L0s/L1)
    cap 05[a0] = MSI supports 1 message, 64 bit
    cap 0d[b0] = PCI Bridge card=0x00001002
    cap 08[b8] = HT MSI fixed address window enabled at 0xfee00000
ohci3@pci0:0:22:0:      class=0x0c0310 card=0x43971002 chip=0x43971002 rev=0x00 hdr=0x00
    vendor     = 'Advanced Micro Devices, Inc. [AMD/ATI]'
    device     = 'SB7x0/SB8x0/SB9x0 USB OHCI0 Controller'
    class      = serial bus
    subclass   = USB
    bar   [10] = type Memory, range 32, base 0xfeb07000, size 4096, enabled
ehci2@pci0:0:22:2:      class=0x0c0320 card=0x43961002 chip=0x43961002 rev=0x00 hdr=0x00
    vendor     = 'Advanced Micro Devices, Inc. [AMD/ATI]'
    device     = 'SB7x0/SB8x0/SB9x0 USB EHCI Controller'
    class      = serial bus
    subclass   = USB
    bar   [10] = type Memory, range 32, base 0xfeb08600, size 256, enabled
    cap 01[c0] = powerspec 2  supports D0 D1 D2 D3  current D0
    cap 0a[e4] = EHCI Debug Port at offset 0xe0 in map 0x14
hostb1@pci0:0:24:0:     class=0x060000 card=0x00000000 chip=0x17001022 rev=0x43 hdr=0x00
    vendor     = 'Advanced Micro Devices, Inc. [AMD]'
    device     = 'Family 12h/14h Processor Function 0'
    class      = bridge
    subclass   = HOST-PCI
hostb2@pci0:0:24:1:     class=0x060000 card=0x00000000 chip=0x17011022 rev=0x00 hdr=0x00
    vendor     = 'Advanced Micro Devices, Inc. [AMD]'
    device     = 'Family 12h/14h Processor Function 1'
    class      = bridge
    subclass   = HOST-PCI
hostb3@pci0:0:24:2:     class=0x060000 card=0x00000000 chip=0x17021022 rev=0x00 hdr=0x00
    vendor     = 'Advanced Micro Devices, Inc. [AMD]'
    device     = 'Family 12h/14h Processor Function 2'
    class      = bridge
    subclass   = HOST-PCI
hostb4@pci0:0:24:3:     class=0x060000 card=0x00000000 chip=0x17031022 rev=0x00 hdr=0x00
    vendor     = 'Advanced Micro Devices, Inc. [AMD]'
    device     = 'Family 12h/14h Processor Function 3'
    class      = bridge
    subclass   = HOST-PCI
    cap 0f[f0] = unknown
hostb5@pci0:0:24:4:     class=0x060000 card=0x00000000 chip=0x17041022 rev=0x00 hdr=0x00
    vendor     = 'Advanced Micro Devices, Inc. [AMD]'
    device     = 'Family 12h/14h Processor Function 4'
    class      = bridge
    subclass   = HOST-PCI
hostb6@pci0:0:24:5:     class=0x060000 card=0x00000000 chip=0x17181022 rev=0x00 hdr=0x00
    vendor     = 'Advanced Micro Devices, Inc. [AMD]'
    device     = 'Family 12h/14h Processor Function 6'
    class      = bridge
    subclass   = HOST-PCI
hostb7@pci0:0:24:6:     class=0x060000 card=0x00000000 chip=0x17161022 rev=0x00 hdr=0x00
    vendor     = 'Advanced Micro Devices, Inc. [AMD]'
    device     = 'Family 12h/14h Processor Function 5'
    class      = bridge
    subclass   = HOST-PCI
hostb8@pci0:0:24:7:     class=0x060000 card=0x00000000 chip=0x17191022 rev=0x00 hdr=0x00
    vendor     = 'Advanced Micro Devices, Inc. [AMD]'
    device     = 'Family 12h/14h Processor Function 7'
    class      = bridge
    subclass   = HOST-PCI
re0@pci0:1:0:0: class=0x020000 card=0x012310ec chip=0x816810ec rev=0x06 hdr=0x00
    vendor     = 'Realtek Semiconductor Co., Ltd.'
    device     = 'RTL8111/8168/8411 PCI Express Gigabit Ethernet Controller'
    class      = network
    subclass   = ethernet
    bar   [10] = type I/O Port, range 32, base 0x1000, size 256, enabled
    bar   [18] = type Memory, range 64, base 0xfe600000, size 4096, enabled
    bar   [20] = type Prefetchable Memory, range 64, base 0xfe500000, size 16384, enabled
    cap 01[40] = powerspec 3  supports D0 D1 D2 D3  current D0
    cap 05[50] = MSI supports 1 message, 64 bit
    cap 10[70] = PCI-Express 2 endpoint IRQ 1 max data 128(128) link x1(x1)
                 speed 2.5(2.5) ASPM disabled(L0s/L1)
    cap 11[b0] = MSI-X supports 4 messages, enabled
                 Table in map 0x20[0x0], PBA in map 0x20[0x800]
    cap 03[d0] = VPD
re1@pci0:2:0:0: class=0x020000 card=0x012310ec chip=0x816810ec rev=0x06 hdr=0x00
    vendor     = 'Realtek Semiconductor Co., Ltd.'
    device     = 'RTL8111/8168/8411 PCI Express Gigabit Ethernet Controller'
    class      = network
    subclass   = ethernet
    bar   [10] = type I/O Port, range 32, base 0x2000, size 256, enabled
    bar   [18] = type Memory, range 64, base 0xfe800000, size 4096, enabled
    bar   [20] = type Prefetchable Memory, range 64, base 0xfe700000, size 16384, enabled
    cap 01[40] = powerspec 3  supports D0 D1 D2 D3  current D0
    cap 05[50] = MSI supports 1 message, 64 bit
    cap 10[70] = PCI-Express 2 endpoint IRQ 1 max data 128(128) link x1(x1)
                 speed 2.5(2.5) ASPM disabled(L0s/L1)
    cap 11[b0] = MSI-X supports 4 messages, enabled
                 Table in map 0x20[0x0], PBA in map 0x20[0x800]
    cap 03[d0] = VPD
re2@pci0:3:0:0: class=0x020000 card=0x012310ec chip=0x816810ec rev=0x06 hdr=0x00
    vendor     = 'Realtek Semiconductor Co., Ltd.'
    device     = 'RTL8111/8168/8411 PCI Express Gigabit Ethernet Controller'
    class      = network
    subclass   = ethernet
    bar   [10] = type I/O Port, range 32, base 0x3000, size 256, enabled
    bar   [18] = type Memory, range 64, base 0xfea00000, size 4096, enabled
    bar   [20] = type Prefetchable Memory, range 64, base 0xfe900000, size 16384, enabled
    cap 01[40] = powerspec 3  supports D0 D1 D2 D3  current D0
    cap 05[50] = MSI supports 1 message, 64 bit
    cap 10[70] = PCI-Express 2 endpoint IRQ 1 max data 128(128) link x1(x1)
                 speed 2.5(2.5) ASPM disabled(L0s/L1)
    cap 11[b0] = MSI-X supports 4 messages, enabled
                 Table in map 0x20[0x0], PBA in map 0x20[0x800]
    cap 03[d0] = VPD
*** config
**** system
sed -i.bak -e 's|\(/dev/da.*rw\)\(.*\)|\1,noatime\2|g' /etc/fstab

cat >> /etc/rc.conf <<EOF
kern_securelevel_enable=YES
kern_securelevel=2
ifconfig_re0="DHCP"
ifconfig_re1="inet 192.168.6.1"
ifconfig_re2="inet 192.168.7.1"
gateway_enable=YES
sshd_enable="YES"
dumpdev=NO
sendmail_enable=NONE
syslogd_flags="-C -4 -ss -vv"
EOF
**** pf
cat >> /etc/rc.conf <<EOF
pf_enable=YES
pflog_enable=YES
EOF

cat > /etc/pf.conf <<EOF
ext_if = "re0"
wlan_if = "re1"
wlan = "192.168.6.1"
lan_if = "re2"
lan = "192.168.7.1"
icmp_types  = "{echoreq, unreach}"
icmp6_types = "{echoreq, unreach, toobig, neighbradv, neighbrsol, routeradv}"
set skip on lo
scrub in
nat on $ext_if from ! ($ext_if) to any -> ($ext_if)
block in log
pass out
antispoof quick log for {lo $wlan_if $lan_if}
pass in from any to ! 192.168.7.0/24
pass in from any to ! 192.168.6.0/24
block in log from any to {192.168.6.1 192.168.7.1} label "protect firewall"
pass in on ! $ext_if inet proto {tcp udp} from any port bootpc to {$lan $wlan } port bootps label "dhcp"
pass in on $lan_if inet proto {tcp udp} from any to $lan port domain label "local resolver on lan"
pass in on $wlan_if inet proto {tcp udp} from any to $wlan port domain label "local resolver on wlan"
pass in on $lan_if inet proto tcp from any to 192.168.7.1 port 4722 label "local sshd"
pass inet  proto icmp  all icmp-type  $icmp_types
pass inet6 proto icmp6 all icmp6-type $icmp6_types
EOF
**** unbound
local_unbound_enable="YES"

FIXME: need to edit /etc/unbound/unbound.conf?

cat > /etc/unbound/conf.d/interface.conf <<EOF
server:
        interface: 127.0.0.1
        #interface: ::1
        interface: 192.168.7.1
        interface: 192.168.6.1

        access-control: 192.168.7.0/24 allow
        access-control: 192.168.6.0/24 allow
EOF
**** dhcpd
pkg install dhcpd

cat >> /etc/rc.conf <<EOF
dhcpd_enable=YES
dhcpd_flags="-c /usr/local/etc/dhcpd.conf re1 re2"
EOF

cat > /usr/local/etc/dhcpd.conf <<EOF
option subnet-mask 255.255.255.0;
default-lease-time 600;
max-lease-time 7200;
subnet 192.168.6.0 netmask 255.255.255.0 {
  range 192.168.6.10 192.168.6.100;
  option broadcast-address 192.168.6.255;
  option routers 192.168.6.1;
  option domain-name-servers 192.168.6.1;
}
subnet 192.168.7.0 netmask 255.255.255.0 {
  range 192.168.7.10 192.168.7.100;
  option broadcast-address 192.168.7.255;
  option routers 192.168.7.1;
  option domain-name-servers 192.168.7.1;
}
EOF
** lilleputt -- rpi2
fbsd 11.0-CURRENT
192.168.1.53
ssh on ziyxvw3j2a3sqhli.onion port 22
tor on 7000, nickname DFRIpi2001
** nuckie -- NUC @ home
- model NUC5i7RYH
- 19V / 3.43A
- manufactured 07/2015
- Intel Core i7-5557U 3.1Ghz "Broadwell-U", fifth generation
- https://en.wikipedia.org/wiki/Next_Unit_of_Computing
- mini HDMI, mini DP
- 1 x Gbps Ethernet
- 4 x USB3 + 2 x USB2 internal
- 2 x 1.35V DDR3L: 1x8G installed
- 1 x M.2: 120GB installed
*** hardened gentoo
[[file:~/p/hgd/hgd.org::*fourth,%20on%20the%20NUC%20(i7)][fourth, on the NUC (i7)]]
*** previos hbsd installation
os: hbsd 11-CURRENT installed <2016-04-04 Mon>
hostname: nuckie
CPU: Intel(R) Core(TM) i7-5557U CPU @ 3.10GHz (3092.94-MHz K8-class CPU)
CPU: 2 cores x 2 threads
RAM: 8G
SSD: ada0: <Samsung SSD 850 EVO M.2 120GB EMT21B6Q> ACS-2 ATA SATA 3.x device
HDD: da0: <WD Elements 10B8 1012> Fixed Direct Access SPC-4 SCSI device
HDD: da0: 1907697MB (3906963456 512 byte sectors)
*** updating base and packages
- hbsd-update
- pkg upgrade -y
- <2016-08-04 Thu> FreeBSD nuckie 12.0-CURRENT-HBSD FreeBSD 12.0-CURRENT-HBSD #0: Thu Aug  4 02:00:21 UTC 2016     root@laptop-dev-02:/usr/obj/usr/src/sys/HARDENEDBSD  amd64
*** fbsd bugs
**** LOR #261, ignore
Seeing LOR #261, see http://sources.zabbadoz.net/freebsd/lor.html
Reported first 2008-09-30
svn.freebsd.org/changeset/base/187474
https://lists.debian.org/debian-bsd/2013/05/msg00135.html

Example:
[967]  1st 0xfffffe01e9721990 bufwait (bufwait) @ /usr/src/sys/kern/vfs_bio.c:3488
[967]  2nd 0xfffff800045a0600 dirhash (dirhash) @ /usr/src/sys/ufs/ufs/ufs_dirhash.c:281
** x60 64bit
hardened gentoo

*** TODO [/]
- [ ] store a backup of the luks header on the backup hdd
- [ ] ?enable swap
- [ ] can grub pass the passphrase to initramfs somehow?
- [ ] is lvmetad running?
- [ ] is there a hardened profile with systemd?
** Lenovo G50-80 laptop "Musses dator"
CPU: i5-5200U (?)
Graphics: ?
RAM: 6G
SSD: ?
*** preinstalled windows
Windows 10 key, maybe: 00325-80233-16294-AAOEM
Serial number: PFOC86V8
When running on another computer, Windows reports *-JQKQQ
registry -> DigitalProductId: <cruft> <key above> 0x0 <cruft> [TH]X19-99523 <cruft>
registry -> DigitalProductId4: <cruft> 03612-03258-023-316294-02-1033-10240 <cruft>
phone call on <2016-01-01 Fri>, confirmation id for one computer:
  546866 555112 171921 194750 151833 703634 756360 419931 
** glinet -- GL-AR150 wifi @ home
https://wiki.openwrt.org/toh/gl-inet/gl-ar150
Firmware: 2.13 <2016-04-06 Wed>
LAN/WLAN IP: 192.168.10.1
DHCP client hostname: GL-AR150-a55
MAC wifi: E4:95:6E:40:6A:55
*** web interface
- http://192.168.10.1/
*** remote access over ssh
- connect to LAN/WLAN ethernet port
- killall dhclient; ifconfig eth0 192.168.10.2
- ssh config
Host glinet
     ProxyCommand /bin/nc %h %p
     user root
- ssh glinet
*** updating software
Configured for auto-update, see "Firmware" tab in web interface.
Currently, <2016-08-04 Thu>, at version 2.20.
*** cat /proc/cpuinfo
system type             : Atheros AR9330 rev 1
machine                 : GL_ar150 board
processor               : 0
cpu model               : MIPS 24Kc V7.4
BogoMIPS                : 265.42
wait instruction        : yes
microsecond timers      : yes
tlb_entries             : 16
extra interrupt vector  : yes
hardware watchpoint     : yes, count: 4, address/irw mask: [0x0ffc, 0x0ffc, 0x0ffb, 0x0ffb]
isa                     : mips1 mips2 mips32r1 mips32r2
ASEs implemented        : mips16
shadow register sets    : 1
kscratch registers      : 0
package                 : 0
core                    : 0
VCED exceptions         : not available
VCEI exceptions         : not available
** wifi extender 2 -- TP-LINK AC750 WiFi Range Extender RE210
LAN MAC: C0-25-E9-A6-91-64

This is mullvad property, i suppose.

Firmware Version: 	
3.14.2 Build 160623 Rel.43391n
Hardware Version: 	
RE210 v1 00000000

** wifi extender 1 -- TP-LINK AC750 WiFi Range Extender RE210
LAN MAC 18-D6-C7-9C-39-20

https://www.tp-link.com/en/home-networking/range-extender/re210/

*** 2018 -- in Junis room
Saw this on 'datan' <2018-03-08 Thu> when we had network trouble bc
the extender started offering DHCP:
? (192.168.0.254) at 18:d6:c7:9c:39:21 [ether] on wlp4s0

DHCPREQUEST of 192.168.0.101 on wlp4s0 to 255.255.255.255 port 67
DHCPOFFER of 192.168.0.101 from 192.168.0.254
DHCPACK of 192.168.0.101 from 192.168.0.254
bound to 192.168.0.101 -- renewal in 25 seconds.

What was fixed on <2018-03-08 Thu>
- change dhcp auto -> off
- change ssid for 2.4Ghz from "blahonga" to "blahonga_EXT"
- new pw for admin

*** 2020-10 -- to be at Kajsas

http://192.168.0.254/
admin/admin

TODO: New pw for admin, see passdb misc/tplink-wifi_extender:admin.

** Printer Canon Pixma TS6050 Series
Kopieringsapparat, skrivare, scanner.
Bläckstråle, färg (5-färgs).
WiFi och USB.

*** Info från [[https://new.webhallen.com/se/product/264720-Canon-Pixma-TS6050-Series-Farg-WiFi][webhallen]]
Release 	2017-03-14 
Tillverkarens artikelnr 	1368C006
Max. utskriftshastighet i färg: 	10 ipm (bilder per minut)
Max. utskriftshastighet i svartvitt: 	15 ipm (bilder per minut)
Automatisk duplex: 	Ja
Max upplösning färg: 	4800 x 1200 dpi
Scannerupplösning (optisk): 1200 x 2400 dpi 
Scanningsdjup (indata/utdata): Färg: 48 bitar/24 bitar, Gråskala: 16 bitar/8 bitar 
Skrivarupplösning: Upp till 4800 x 1200 dpi
Utskriftshastighet (svartvitt): Cirka 15 sidor per minut
Utskriftshastighet (färg): Cirka 10,0 sidor per minut
Fotoutskriftshastighet: 10 x 15 cm utan kant: cirka 39 sekunder
Kantfri utskrift: Ja (A4, Letter, 20 x 25 cm, 13 x 18 cm, 10 x 15 cm, 13 x 13 cm)
Dubbelsidig utskrift: Automatisk dubbelsidig utskrift (A4, A5, B5, Letter – vanligt papper) 
** junis speldator
NOTE: Windows license/product key taken from Lenovo G50-80 laptop
CPU:
RAM:
Device ID:
Windows Product ID:
*** uppgradering 2019
priser webhallen 2019-01-18
- amd ryzen 5 2600 1800:- kampanj -18%
  - https://www.webhallen.com/se/product/284732-AMD-Ryzen-5-2600
- asus rog strix b450-f gaming 1500:-
  - https://www.webhallen.com/se/product/288870-ASUS-ROG-STRIX-B450-F-Gaming-ATX-B450
- (asus rog strix b450-f gaming + ovan 3400:-, så 1600:- för plankan)
- corsair vengance DDR4 SDRAM 8GB 800:-
S:A 4100:-

att kolla upp
- vilken sorts RAM sitter i?
- klarar bef. kragg en AMD RS 2600?

** <noaname> speldator 2019
Bought from Gustav @ OBE on 2019-01-22, 3000 SEK
Windows 7
pw: hej123
** HISTORICAL
*** tbd0.nordberg.se -- SuperMicro 1U; former banksy.nordberg.se
 Intel(R) Core(TM)2 CPU          6400  @ 2.13GHz
 RT8139 (A/B/C/810x/813x/C+) Fast Ethernet Adapter

 day-of-purchase ???

 lnkrb	kerberos
 lndns	DNS
 lnweb	http, webmail
 lntest	xmpp
 lnmail	MTA, imap
 lnspam	SA, clamav
**** banksy domU freeze and raid failure <2011-09-24 Sat>
 Did a hard reboot around 11:30 into single user (root pw forgotten),
 mounted / and /usr and ran passwd.  Did exit and came up without the
 xen kernel.  Rebooted with reboot(8).

***** Conclusion
 /dev/wd1h doesn't feel well.  We're running the raid on /dev/wd0h only.

 Can't find any signs of physical disk failure in log files.

 <2011-09-25 Sun 01:02> Parity rebuilt. 
***** Notes from after last reboot
 -bash-4.0# hostname
 tbd0.nordberg.se
 -bash-4.0# date
 Sat Sep 24 11:45:31 CEST 2011
 -bash-4.0# tail /var/log/messages
 Sep 24 11:42:02 tbd0 ntpd[395]: Listening on interface #6 lo0, fe80::1#123 Enabled
 Sep 24 11:42:02 tbd0 ntpd[395]: Listening on interface #7 xvif1.0, fe80::216:3eff:fe01:87#123 Enabled
 Sep 24 11:42:02 tbd0 ntpd[395]: bind() fd 28, family 24, port 123, scope 5, addr fe80::f00b:a4ff:fef8:f70c, in6_is_addr_multicast=0 flags=0x11 fails: Can't assign requested address
 Sep 24 11:42:02 tbd0 ntpd[395]: unable to create socket on tap0 (8) for fe80::f00b:a4ff:fef8:f70c#123
 Sep 24 11:42:02 tbd0 ntpd[395]: failed to initialize interface for address fe80::f00b:a4ff:fef8:f70c
 Sep 24 11:42:02 tbd0 ntpd[395]: Listening on routing socket on fd #28 for interface updates
 Sep 24 11:42:02 tbd0 ntpd[395]: kernel time sync status 0x2040<UNSYNC,NANO,MODE=0x0=PLL,CLK=0x0=A>
 Sep 24 11:42:02 tbd0 ntpd[395]: frequency initialized 186.225 PPM from /var/db/ntp.drift
 Sep 24 11:42:02 tbd0 /netbsd: raid1: Error re-writing parity!
 Sep 24 11:42:03 tbd0 ntpd[395]: Listening on interface #9 tap0, fe80::f00b:a4ff:fef8:f70c#123 Enabled
 -bash-4.0# 

 -bash-4.0# egrep raid /var/log/messages
 Sep 24 11:39:45 tbd0 /netbsd: raid1: RAID Level 1
 Sep 24 11:39:45 tbd0 /netbsd: raid1: Components: /dev/wd0h /dev/wd1h[**FAILED**]
 Sep 24 11:39:45 tbd0 /netbsd: raid1: Total Sectors: 263377152 (128602 MB)
 Sep 24 11:39:45 tbd0 /netbsd: raid1: Error re-writing parity!
 Sep 24 11:41:58 tbd0 /netbsd: raidattach: Asked for 8 units
 Sep 24 11:41:58 tbd0 /netbsd: Last configured as: raid1
 Sep 24 11:41:58 tbd0 /netbsd: Last configured as: raid1
 Sep 24 11:41:58 tbd0 /netbsd: Configuring raid1:
 Sep 24 11:41:58 tbd0 /netbsd: raid1: allocating 20 buffers of 65536 bytes.
 Sep 24 11:41:58 tbd0 /netbsd: raid1: RAID Level 1
 Sep 24 11:41:58 tbd0 /netbsd: raid1: Components: /dev/wd0h /dev/wd1h[**FAILED**]
 Sep 24 11:41:58 tbd0 /netbsd: raid1: Total Sectors: 263377152 (128602 MB)
 Sep 24 11:41:58 tbd0 /netbsd: raid1: configured ok
 Sep 24 11:42:02 tbd0 /netbsd: raid1: Error re-writing parity!
 -bash-4.0# 

 -bash-4.0# raidctl -s raid1
 Components:
            /dev/wd0h: optimal
            /dev/wd1h: failed
 No spares.
 Component label for /dev/wd0h:
    Row: 0, Column: 0, Num Rows: 1, Num Columns: 2
    Version: 2, Serial Number: 123456, Mod Counter: 150
    Clean: No, Status: 0
    sectPerSU: 128, SUsPerPU: 1, SUsPerRU: 1
    Queue size: 100, blocksize: 512, numBlocks: 263377152
    RAID Level: 1
    Autoconfig: Yes
    Root partition: No
    Last configured as: raid1
 /dev/wd1h status is: failed.  Skipping label.
 Parity status: DIRTY
 Reconstruction is 100% complete.
 Parity Re-write is 100% complete.
 Copyback is 100% complete.
 -bash-4.0# 
***** Things from logs
 messages:
 Dec 14 22:13:32 tbd0 /netbsd: raid1: Error re-writing parity!
 Jul  4 08:30:56 tbd0 /netbsd: pid 370 (qemu-dm), uid 0: exited on signal 11 (core not dumped, err = 14)
 Sep 24 08:28:45 tbd0 /netbsd: pid 1663 (qemu-dm), uid 0: exited on signal 11 (core not dumped, err = 14)
 Sep 24 11:39:45 tbd0 syslogd: restart

 xen/xend.log:
 [2011-09-24 08:28:45 237] WARNING (image:470) domain banksy: device model failure: pid 1663: malfunctioning or died ?; see /var/log/xen/qemu-dm-banksy.log 

***** Rebuilding parity
 bash-4.0# raidctl -v -R /dev/wd1h raid1
 Reconstruction status:
  99% |***************************************| ETA:    00:01 |

 bash-4.0# raidctl -vs raid1
 Components:
            /dev/wd0h: optimal
            /dev/wd1h: optimal
 No spares.
 Component label for /dev/wd0h:
    Row: 0, Column: 0, Num Rows: 1, Num Columns: 2
    Version: 2, Serial Number: 123456, Mod Counter: 151
    Clean: No, Status: 0
    sectPerSU: 128, SUsPerPU: 1, SUsPerRU: 1
    Queue size: 100, blocksize: 512, numBlocks: 263377152
    RAID Level: 1
    Autoconfig: Yes
    Root partition: No
    Last configured as: raid1
 Component label for /dev/wd1h:
    Row: 0, Column: 1, Num Rows: 1, Num Columns: 2
    Version: 2, Serial Number: 123456, Mod Counter: 151
    Clean: No, Status: 0
    sectPerSU: 128, SUsPerPU: 1, SUsPerRU: 1
    Queue size: 100, blocksize: 512, numBlocks: 263377152
    RAID Level: 1
    Autoconfig: Yes
    Root partition: No
    Last configured as: raid1
 Parity status: clean
 Reconstruction is 100% complete.
 Parity Re-write is 100% complete.
 Copyback is 100% complete.
***** Plan
 - [ ] remove /dev/wd1h from the raid set and do smartctl -a /dev/wd1h

**** Issues
***** Crashing domu <2011-07-04 Mon>
 Jul  4 08:30:56 tbd0 /netbsd: pid 370 (qemu-dm), uid 0: exited on signal 11 (core not dumped, err = 14)
 Jul  4 08:30:57 tbd0 /netbsd: tap0: detached

 -bash-4.0# xm list
 Name                                        ID   Mem VCPUs      State   Time(s)
 Domain-0                                     0   256     1     r----- 296016.7
 banksy                                       1  2048     1     ------ 1837426.4
**** TODO Fixa adressboken i webmailen
     SCHEDULED: <2008-08-24 Sun>
**** TODO Upgrade Lisp environment @ lntest [2/6]
     - [X] sbcl port
     - [X] slime/swank
     - [ ] pgsql
     - [ ] elephant
     - [ ] hunchentoot
     - [ ] weblocks
**** TODO Rotate logs on lnweb
 See http://httpd.apache.org/docs/2.2/logs.html#piped
**** DONE Upgrade to 6.3 or 7.1
***** 6.3
 Should be manageable to do with make world.
 Update: It was.
**** TODO Upgrade banksy to 7.x [0/9]
 - [ ] Buy a new disk and put it in mgv.
 - [ ] Install 7.x on it.
 - [ ] portupgrade all vital services on banksy.
 - [ ] portinstall the same servies on mgv.
 - [ ] Copy configuration banksy -> mgv and test.
 - [ ] Install the disk in banksy.
 - [ ] Boot up banksy w/o starting any services.
 - [ ] Copy mail (and configuration again) banksy -> mgv.
 - [ ] Bring it all up and verify functionality.
**** TODO Fix broken disk
***** Current status
 Aug  2 15:28:04 banksy kernel: ad0: TIMEOUT - WRITE_DMA retrying (1 retry left) LBA=23257439
 Aug 12 19:23:34 banksy su: linus to root on /dev/ttyp2
 Aug 12 19:31:57 banksy kernel: ichsmb0: <SMBus controller> port 0x1100-0x111f irq 19 at device 31.3 on pci0
 Aug 12 19:31:57 banksy kernel: ichsmb0: [GIANT-LOCKED]
 Aug 12 19:31:57 banksy kernel: smbus0: <System Management Bus> on ichsmb0
 Aug 12 19:31:57 banksy kernel: smb0: <SMBus generic I/O> on smbus0
 Aug 18 15:32:49 banksy su: linus to root on /dev/ttyp0
 Aug 29 09:00:24 banksy su: BAD SU linus to root on /dev/ttyp5
 Aug 29 09:00:27 banksy su: linus to root on /dev/ttyp5
 Aug 30 12:08:41 banksy kernel: ad0: TIMEOUT - WRITE_DMA retrying (1 retry left) LBA=72814123
 Aug 30 13:07:33 banksy kernel: ad0: TIMEOUT - WRITE_DMA retrying (1 retry left) LBA=72796523
 Aug 30 13:28:18 banksy kernel: ad2: TIMEOUT - WRITE_DMA retrying (1 retry left) LBA=37547035
 Aug 30 13:48:43 banksy kernel: ad0: TIMEOUT - WRITE_DMA retrying (1 retry left) LBA=156296384
 Aug 30 14:01:28 banksy kernel: ad0: TIMEOUT - WRITE_DMA retrying (1 retry left) LBA=114350669
 Aug 30 14:48:45 banksy kernel: ad0: TIMEOUT - WRITE_DMA retrying (1 retry left) LBA=72796523
 Aug 30 15:02:14 banksy kernel: ad0: TIMEOUT - WRITE_DMA retrying (1 retry left) LBA=72867883
 Aug 30 15:27:11 banksy kernel: ad0: FAILURE - READ_DMA status=51<READY,DSC,ERROR> error=40<UNCORRECTABLE> LBA=74046427
 Aug 30 15:27:11 banksy kernel: GEOM_MIRROR: Request failed (error=5). ad0s2[READ(offset=840433664, length=8192)]
 Aug 30 15:27:11 banksy kernel: GEOM_MIRROR: Device lnjail: provider ad0s2 disconnected.

 [root@banksy ~]# date
 Mon Sep  1 16:00:11 CEST 2008
 [root@banksy ~]# gmirror status
          Name    Status  Components
 mirror/lnjail  DEGRADED  ad2s2
 mirror/mrjail  COMPLETE  ad0s3
                          ad2s3

 [root@banksy ~]# gmirror list lnjail
 Geom name: lnjail
 State: DEGRADED
 Components: 2
 Balance: split
 Slice: 4096
 Flags: NONE
 GenID: 1
 SyncID: 1
 ID: 1092856437
 Providers:
 1. Name: mirror/lnjail
    Mediasize: 21467980288 (20G)
    Sectorsize: 512
    Mode: r2w2e3
 Consumers:
 1. Name: ad2s2
    Mediasize: 21467980800 (20G)
    Sectorsize: 512
    Mode: r1w1e1
    State: ACTIVE
    Priority: 1
    Flags: DIRTY
    GenID: 1
    SyncID: 1
    ID: 3671990636
****** smartctl -a /dev/ad0
******* Tue 2008-09-02
 smartctl version 5.38 [amd64-portbld-freebsd6.2] Copyright (C) 2002-8 Bruce Allen
 Home page is http://smartmontools.sourceforge.net/

 === START OF INFORMATION SECTION ===
 Model Family:     Seagate Barracuda 7200.9 family
 Device Model:     ST380811AS
 Serial Number:    9PS03T9Q
 Firmware Version: 3.AAE
 User Capacity:    80,026,361,856 bytes
 Device is:        In smartctl database [for details use: -P show]
 ATA Version is:   7
 ATA Standard is:  Exact ATA specification draft version not indicated
 Local Time is:    Mon Sep  1 19:47:14 2008 CEST
 SMART support is: Available - device has SMART capability.
 SMART support is: Enabled

 === START OF READ SMART DATA SECTION ===
 SMART overall-health self-assessment test result: PASSED

 General SMART Values:
 Offline data collection status:  (0x82) Offline data collection activity
                                         was completed without error.
                                         Auto Offline Data Collection: Enabled.
 Self-test execution status:      (   0) The previous self-test routine completed
                                         without error or no self-test has ever 
                                         been run.
 Total time to complete Offline 
 data collection:                 ( 430) seconds.
 Offline data collection
 capabilities:                    (0x5b) SMART execute Offline immediate.
                                         Auto Offline data collection on/off support.
                                         Suspend Offline collection upon new
                                         command.
                                         Offline surface scan supported.
                                         Self-test supported.
                                         No Conveyance Self-test supported.
                                         Selective Self-test supported.
 SMART capabilities:            (0x0003) Saves SMART data before entering
                                         power-saving mode.
                                         Supports SMART auto save timer.
 Error logging capability:        (0x01) Error logging supported.
                                         General Purpose Logging supported.
 Short self-test routine 
 recommended polling time:        (   1) minutes.
 Extended self-test routine
 recommended polling time:        (  27) minutes.

 SMART Attributes Data Structure revision number: 10
 Vendor Specific SMART Attributes with Thresholds:
 ID# ATTRIBUTE_NAME          FLAG     VALUE WORST THRESH TYPE      UPDATED  WHEN_FAILED RAW_VALUE
   1 Raw_Read_Error_Rate     0x000f   119   100   006    Pre-fail  Always       -       0
   3 Spin_Up_Time            0x0003   095   095   000    Pre-fail  Always       -       0
   4 Start_Stop_Count        0x0032   100   100   020    Old_age   Always       -       21
   5 Reallocated_Sector_Ct   0x0033   100   100   036    Pre-fail  Always       -       6
   7 Seek_Error_Rate         0x000f   081   062   030    Pre-fail  Always       -       157008113
   9 Power_On_Hours          0x0032   099   099   000    Old_age   Always       -       1207
  10 Spin_Retry_Count        0x0013   100   100   097    Pre-fail  Always       -       0
  12 Power_Cycle_Count       0x0032   100   100   020    Old_age   Always       -       24
 187 Reported_Uncorrect      0x0032   099   099   000    Old_age   Always       -       1
 189 High_Fly_Writes         0x003a   100   100   000    Old_age   Always       -       0
 190 Airflow_Temperature_Cel 0x0022   067   060   045    Old_age   Always       -       33 (Lifetime Min/Max 25/40)
 194 Temperature_Celsius     0x0022   033   040   000    Old_age   Always       -       33 (0 21 0 0)
 195 Hardware_ECC_Recovered  0x001a   066   050   000    Old_age   Always       -       146918911
 197 Current_Pending_Sector  0x0012   100   100   000    Old_age   Always       -       11
 198 Offline_Uncorrectable   0x0010   100   100   000    Old_age   Offline      -       11
 199 UDMA_CRC_Error_Count    0x003e   200   200   000    Old_age   Always       -       0
 200 Multi_Zone_Error_Rate   0x0000   100   253   000    Old_age   Offline      -       0
 202 TA_Increase_Count       0x0032   100   253   000    Old_age   Always       -       0

 SMART Error Log Version: 1
 ATA Error Count: 1
         CR = Command Register [HEX]
         FR = Features Register [HEX]
         SC = Sector Count Register [HEX]
         SN = Sector Number Register [HEX]
         CL = Cylinder Low Register [HEX]
         CH = Cylinder High Register [HEX]
         DH = Device/Head Register [HEX]
         DC = Device Command Register [HEX]
         ER = Error register [HEX]
         ST = Status register [HEX]
 Powered_Up_Time is measured from power on, and printed as
 DDd+hh:mm:SS.sss where DD=days, hh=hours, mm=minutes,
 SS=sec, and sss=millisec. It "wraps" after 49.710 days.

 Error 1 occurred at disk power-on lifetime: 1161 hours (48 days + 9 hours)
   When the command that caused the error occurred, the device was active or idle.

   After command completion occurred, registers were:
   ER ST SC SN CL CH DH
   -- -- -- -- -- -- --
